
 num     #instances         #bytes  class name
----------------------------------------------
   1:         35143       10251120  [B
   2:         44133        5810752  [C
   3:          2691        2978456  [I
   4:         22587         542088  java.lang.String
   5:          4559         474752  [Ljava.lang.Object;
   6:          3477         387752  java.lang.Class
   7:          6566         210112  java.util.concurrent.ConcurrentHashMap$Node
   8:          1679         133912  [S
   9:          1848         103488  java.util.zip.ZipFile$ZipFileInputStream
  10:          6214          99424  java.lang.Object
  11:          2254          90160  java.lang.ref.Finalizer
  12:           794          69872  java.lang.reflect.Method
  13:          1374          65952  java.util.HashMap
  14:            51          61328  [Ljava.util.concurrent.ConcurrentHashMap$Node;
  15:          1616          51712  java.util.HashMap$Node
  16:           473          45408  java.util.jar.JarFile$JarFileEntry
  17:            78          41184  io.netty.util.internal.shaded.org.jctools.queues.atomic.MpscAtomicArrayQueue
  18:           642          41088  java.net.URL
  19:           539          38808  java.lang.reflect.Field
  20:           835          33400  java.util.TreeMap$Entry
  21:          1382          33176  [Ljava.lang.Class;
  22:           566          31696  jdk.internal.org.objectweb.asm.Item
  23:           375          30000  java.util.zip.ZipEntry
  24:          1244          29856  java.lang.StringBuilder
  25:           722          28880  java.lang.ClassNotFoundException
  26:           295          28848  [Ljava.util.HashMap$Node;
  27:           433          27712  io.netty.buffer.PoolSubpage
  28:          1084          26016  java.net.URLClassLoader$1
  29:           586          23440  java.lang.ref.SoftReference
  30:           290          23200  java.lang.reflect.Constructor
  31:           544          22296  [Ljava.lang.String;
  32:           370          20720  java.lang.invoke.MemberName
  33:            22          20000  [Ljdk.internal.org.objectweb.asm.Item;
  34:          1105          17680  java.util.HashSet
  35:           422          16880  java.util.WeakHashMap$Entry
  36:           420          16800  java.util.LinkedHashMap$Entry
  37:           415          16600  java.lang.invoke.MethodType
  38:           503          16096  java.util.Hashtable$Entry
  39:           492          15744  java.lang.invoke.MethodType$ConcurrentWeakInternSet$WeakEntry
  40:           242          13552  java.lang.Class$ReflectionData
  41:           407          13024  java.security.CodeSource
  42:           369          11808  sun.misc.URLClassPath$JarLoader$2
  43:           284          11360  sun.nio.fs.WindowsPath
  44:           138          11088  [Ljava.util.WeakHashMap$Entry;
  45:           341          10912  sun.misc.FDBigInteger
  46:           443          10632  java.lang.StringBuffer
  47:           189          10584  java.lang.Package
  48:            25          10320  [Lio.netty.buffer.PoolSubpage;
  49:           177           9912  java.util.zip.ZipFile$ZipFileInflaterInputStream
  50:            41           9184  jdk.internal.org.objectweb.asm.MethodWriter
  51:           280           8960  java.lang.ref.WeakReference
  52:           100           8808  [Lcom.intellij.util.containers.hash.LinkedHashMap$Entry;
  53:           271           8672  java.lang.invoke.LambdaForm$Name
  54:           340           8160  org.apache.log4j.CategoryKey
  55:           320           7680  java.util.jar.Attributes$Name
  56:           124           7440  [Ljava.lang.ref.SoftReference;
  57:           128           7168  sun.nio.cs.UTF_8$Encoder
  58:            19           7144  java.lang.Thread
  59:           217           6944  java.io.File
  60:           286           6864  java.util.ArrayList
  61:           138           6624  java.util.WeakHashMap
  62:           116           6496  sun.misc.URLClassPath$JarLoader
  63:           100           6400  java.util.jar.JarFile
  64:            26           6176  [Ljava.util.Hashtable$Entry;
  65:           257           6168  java.lang.Long
  66:           112           6152  [Ljava.lang.reflect.Method;
  67:           368           5888  sun.net.www.ParseUtil
  68:           138           5520  sun.nio.cs.UTF_8$Decoder
  69:            85           5440  sun.nio.ch.FileChannelImpl
  70:           153           4896  java.lang.ref.ReferenceQueue
  71:            99           4752  java.lang.invoke.LambdaForm
  72:           118           4720  java.io.FileDescriptor
  73:           295           4720  java.lang.Integer
  74:           107           4584  [Ljava.lang.invoke.LambdaForm$Name;
  75:           141           4512  java.lang.invoke.DirectMethodHandle
  76:            97           4432  [J
  77:             4           4288  [Ljava.nio.ByteBuffer;
  78:             5           4240  [Lio.netty.util.Recycler$DefaultHandle;
  79:             2           4144  [Ljava.nio.channels.SelectionKey;
  80:           103           4120  org.apache.log4j.Logger
  81:           256           4096  java.lang.Byte
  82:           256           4096  java.lang.Short
  83:            71           3976  java.util.LinkedHashMap
  84:           124           3968  java.util.zip.ZipCoder
  85:            70           3920  java.lang.invoke.MethodTypeForm
  86:            61           3904  java.util.concurrent.ConcurrentHashMap
  87:           115           3680  java.util.AbstractList$Itr
  88:           144           3536  [Ljava.lang.reflect.Constructor;
  89:           104           3512  [[C
  90:            62           3472  java.beans.MethodDescriptor
  91:           104           3328  sun.nio.fs.WindowsChannelFactory$Flags
  92:            19           3192  jdk.internal.org.objectweb.asm.ClassWriter
  93:           132           3168  sun.reflect.NativeConstructorAccessorImpl
  94:            48           3072  java.util.stream.ReferencePipeline$2
  95:            54           3056  [Ljava.lang.reflect.Field;
  96:           125           3000  java.lang.invoke.LambdaForm$NamedFunction
  97:           125           3000  java.util.ArrayDeque
  98:            29           2944  [Ljava.lang.invoke.MethodHandle;
  99:            72           2880  io.netty.buffer.PoolChunkList
 100:           118           2832  java.beans.MethodRef
 101:            44           2816  jdk.internal.org.objectweb.asm.Label
 102:            27           2808  sun.net.www.protocol.file.FileURLConnection
 103:            50           2800  java.util.stream.ReferencePipeline$Head
 104:           115           2760  java.util.LinkedList$Node
 105:            49           2744  com.intellij.util.containers.SLRUMap$1
 106:            49           2744  com.intellij.util.containers.SLRUMap$2
 107:            84           2688  org.apache.log4j.ProvisionNode
 108:            54           2592  java.util.zip.Inflater
 109:           104           2496  jdk.internal.org.objectweb.asm.ByteVector
 110:           155           2480  java.lang.ref.ReferenceQueue$Lock
 111:           102           2448  java.io.ExpiringCache$Entry
 112:            99           2376  com.sun.org.apache.xerces.internal.util.SymbolTable$Entry
 113:            72           2304  io.netty.buffer.PoolThreadCache$SubPageMemoryRegionCache
 114:            46           2208  java.nio.HeapByteBuffer
 115:           133           2128  sun.reflect.DelegatingConstructorAccessorImpl
 116:            52           2080  java.security.ProtectionDomain
 117:            43           2064  sun.util.locale.LocaleObjectCache$CacheEntry
 118:           128           2048  java.lang.Character
 119:            85           2040  sun.nio.ch.NativeThreadSet
 120:            28           2016  java.beans.PropertyDescriptor
 121:            62           1984  io.netty.util.internal.LongAdderCounter
 122:            22           1936  com.intellij.util.io.PagedFileStorage
 123:            48           1920  java.util.HashMap$EntrySpliterator
 124:            60           1920  java.util.LinkedList
 125:            24           1920  sun.net.www.protocol.jar.URLJarFile
 126:            39           1872  java.nio.HeapCharBuffer
 127:            57           1824  com.intellij.util.containers.ConcurrentIntObjectHashMap$Node
 128:            74           1776  sun.nio.fs.WindowsPathParser$Result
 129:            36           1728  gnu.trove.THashMap
 130:            14           1696  [Z
 131:            53           1696  java.io.FilePermission
 132:            42           1680  java.io.ObjectStreamField
 133:            16           1664  java.lang.invoke.InnerClassLambdaMetafactory
 134:            66           1584  java.security.Provider$ServiceKey
 135:             1           1568  [[B
 136:            49           1568  com.sun.org.apache.xerces.internal.xni.QName
 137:            48           1536  java.util.stream.FindOps$FindOp
 138:            27           1512  java.security.Provider$Service
 139:            47           1504  java.security.Permissions
 140:            92           1480  [Ljava.nio.file.LinkOption;
 141:            22           1408  java.nio.DirectByteBuffer
 142:            35           1400  com.intellij.util.containers.ConcurrentIntKeyWeakValueHashMap$MyRef
 143:            25           1400  jdk.internal.org.objectweb.asm.AnnotationWriter
 144:            58           1392  java.util.Collections$UnmodifiableRandomAccessList
 145:             1           1376  [Lsun.misc.FDBigInteger;
 146:            85           1360  sun.nio.ch.FileDispatcherImpl
 147:            33           1320  com.intellij.util.containers.SLRUMap
 148:            54           1296  java.util.zip.ZStreamRef
 149:            80           1280  java.util.concurrent.atomic.AtomicReferenceArray
 150:            39           1248  java.io.DataInputStream
 151:            31           1240  java.util.HashMap$KeyIterator
 152:            38           1216  java.lang.invoke.BoundMethodHandle$Species_L
 153:            50           1200  java.util.Arrays$ArrayList
 154:            30           1200  sun.nio.fs.WindowsException
 155:            73           1168  [Ljava.nio.file.AccessMode;
 156:            36           1152  java.util.concurrent.locks.ReentrantLock$NonfairSync
 157:            48           1152  java.util.stream.FindOps$FindSink$OfRef
 158:            48           1152  java.util.stream.ReferencePipeline$2$1
 159:            18           1152  sun.nio.fs.WindowsFileAttributes
 160:             2           1136  io.netty.util.internal.shaded.org.jctools.queues.atomic.MpscUnboundedAtomicArrayQueue
 161:            70           1120  com.intellij.openapi.diagnostic.Log4jBasedLogger
 162:            46           1104  java.io.FilePermissionCollection
 163:            45           1080  java.util.jar.Manifest
 164:             2           1064  [Ljava.lang.Integer;
 165:            44           1056  java.lang.invoke.MethodHandles$Lookup
 166:             1           1040  [Ljava.lang.Byte;
 167:             1           1040  [Ljava.lang.Long;
 168:             1           1040  [Ljava.lang.Short;
 169:            25           1000  java.security.AccessControlContext
 170:            30            960  java.security.Provider$EngineDescription
 171:            17            952  java.lang.invoke.LambdaFormEditor$Transform
 172:            23            920  java.lang.invoke.MethodHandleImpl$IntrinsicMethodHandle
 173:            38            912  java.util.Collections$1
 174:            19            912  sun.nio.fs.WindowsDirectoryStream
 175:            28            896  io.netty.channel.ChannelOption
 176:             7            880  [Ljava.beans.MethodDescriptor;
 177:            22            880  java.nio.file.NoSuchFileException
 178:             9            864  com.intellij.util.io.IntToIntBtree
 179:             9            864  com.intellij.util.io.PersistentBTreeEnumerator
 180:             6            864  io.netty.buffer.PoolArena$DirectArena
 181:             6            864  io.netty.buffer.PoolArena$HeapArena
 182:            35            840  java.util.Collections$SingletonList
 183:            21            840  sun.util.locale.BaseLocale$Key
 184:             1            832  [Lcom.sun.org.apache.xerces.internal.util.SymbolTable$Entry;
 185:            31            832  [Ljava.nio.file.OpenOption;
 186:            52            832  [Ljava.security.Principal;
 187:            52            832  java.security.ProtectionDomain$Key
 188:            26            832  org.jetbrains.jps.model.library.impl.JpsLibraryRootImpl
 189:            25            800  java.io.FileInputStream
 190:            25            800  java.util.ArrayList$Itr
 191:             8            768  com.intellij.util.io.PersistentHashMap
 192:            32            768  io.netty.util.internal.logging.Log4JLogger
 193:            48            768  org.jetbrains.jps.incremental.relativizer.JavaSdkPathRelativizer$$Lambda$45/963110412
 194:            47            752  java.util.Optional
 195:            31            744  java.util.Collections$UnmodifiableCollection$1
 196:            23            736  java.lang.invoke.SimpleMethodHandle
 197:            46            736  java.util.jar.Attributes
 198:             5            720  [Lcom.intellij.util.containers.ConcurrentIntObjectHashMap$Node;
 199:            30            720  com.intellij.openapi.util.Key
 200:            18            720  com.intellij.util.io.ResizeableMappedFile
 201:            10            720  java.util.regex.Pattern
 202:            18            720  sun.misc.Cleaner
 203:             8            704  com.intellij.util.io.PersistentHashMapValueStorage
 204:            17            680  com.intellij.util.containers.hash.LinkedHashMap$Entry
 205:            28            672  java.lang.Class$MethodArray
 206:            28            672  java.security.Provider$UString
 207:            14            672  java.util.Hashtable
 208:            21            672  java.util.Locale
 209:             7            672  sun.net.www.protocol.jar.URLJarFile$URLJarFileEntry
 210:            21            672  sun.util.locale.BaseLocale
 211:            27            648  sun.net.www.MessageHeader
 212:            20            640  sun.nio.ch.ChannelInputStream
 213:             3            624  [Ljava.lang.invoke.LambdaForm;
 214:            13            624  sun.nio.cs.StreamDecoder
 215:             7            616  sun.net.www.protocol.jar.JarURLConnection
 216:            19            608  java.lang.ThreadLocal$ThreadLocalMap$Entry
 217:            19            608  sun.nio.fs.WindowsNativeDispatcher$FirstFile
 218:            25            600  sun.reflect.generics.tree.SimpleClassTypeSignature
 219:             8            576  com.intellij.util.io.PersistentHashMapValueStorage$MyCompressedAppendableFile
 220:            36            576  java.util.concurrent.atomic.AtomicInteger
 221:            36            576  java.util.concurrent.locks.ReentrantLock
 222:            35            560  java.nio.channels.spi.AbstractInterruptibleChannel$1
 223:            10            560  sun.invoke.util.Wrapper
 224:            10            560  sun.nio.cs.UTF_16BE$Decoder
 225:            17            544  jdk.internal.org.objectweb.asm.Type
 226:             1            528  [Ljava.lang.Character;
 227:            33            528  java.util.HashMap$KeySet
 228:            22            528  sun.reflect.annotation.AnnotationInvocationHandler
 229:            16            512  io.netty.handler.codec.CodecOutputList
 230:            21            504  java.util.Locale$LocaleKey
 231:            15            480  com.intellij.util.lang.JavaVersion
 232:            12            480  java.io.BufferedInputStream
 233:            15            480  java.nio.DirectByteBuffer$Deallocator
 234:            16            464  [Ljava.io.ObjectStreamField;
 235:            29            464  org.jetbrains.jps.model.ex.JpsElementChildRoleBase
 236:             6            456  [Lsun.invoke.util.Wrapper;
 237:            14            448  java.util.Vector
 238:            14            448  java.util.regex.Pattern$Curly
 239:             7            448  jdk.internal.org.objectweb.asm.FieldWriter
 240:            25            440  [Lsun.reflect.generics.tree.TypeArgument;
 241:            11            440  com.intellij.util.io.ReadWriteDirectBufferWrapper
 242:            11            440  gnu.trove.THashSet
 243:             1            432  [[[C
 244:             9            432  org.jetbrains.jps.incremental.storage.BuildTargetTypeState
 245:            18            432  sun.misc.MetaIndex
 246:            18            432  sun.nio.fs.WindowsFileAttributeViews$Basic
 247:             6            416  [Lio.netty.buffer.PoolThreadCache$MemoryRegionCache;
 248:            17            408  java.util.regex.Pattern$Single
 249:            17            408  org.jetbrains.jps.model.ex.JpsElementContainerImpl
 250:            10            400  com.intellij.util.io.IntToIntBtree$BtreeIndexNodeView
 251:            10            400  java.lang.invoke.DirectMethodHandle$Accessor
 252:            16            384  com.intellij.util.SmartList
 253:             8            384  com.intellij.util.io.PersistentHashMap$4
 254:             8            384  com.sun.org.apache.xerces.internal.util.XMLAttributesImpl$Attribute
 255:            16            384  java.lang.Class$AnnotationData
 256:            16            384  java.lang.invoke.ConstantCallSite
 257:            16            384  java.lang.invoke.InfoFromMemberName
 258:            16            384  java.lang.invoke.InnerClassLambdaMetafactory$ForwardingMethodGenerator
 259:             1            384  java.lang.ref.Finalizer$FinalizerThread
 260:             1            384  java.util.logging.LogManager$Cleaner
 261:             8            384  java.util.logging.LogManager$LoggerWeakRef
 262:            24            384  org.jetbrains.jps.model.JpsElementChildRole
 263:            12            384  org.jetbrains.jps.model.impl.JpsElementCollectionImpl
 264:            16            384  sun.nio.ch.OptionKey
 265:            16            384  sun.nio.ch.SocketOptionRegistry$RegistryKey
 266:            24            384  sun.reflect.generics.tree.ClassTypeSignature
 267:            11            376  [Ljava.lang.invoke.LambdaForm$BasicType;
 268:             1            376  java.lang.ref.Reference$ReferenceHandler
 269:             7            360  [Ljava.beans.PropertyDescriptor;
 270:             9            360  com.sun.org.apache.xerces.internal.utils.XMLSecurityManager$Limit
 271:             9            360  java.io.PrintWriter
 272:            15            360  org.jetbrains.jps.model.java.LanguageLevel
 273:             9            360  sun.misc.URLClassPath$1
 274:             1            352  com.sun.org.apache.xerces.internal.impl.XMLNSDocumentScannerImpl
 275:            11            352  org.apache.log4j.helpers.PatternParser$LiteralPatternConverter
 276:            21            336  [Ljava.nio.file.attribute.FileAttribute;
 277:             7            336  java.beans.BeanDescriptor
 278:             7            336  java.io.BufferedReader
 279:            14            336  java.lang.invoke.LambdaFormEditor$Transform$Kind
 280:             6            336  java.nio.DirectLongBufferU
 281:             7            336  java.util.Properties
 282:            14            336  java.util.concurrent.atomic.AtomicLong
 283:             3            336  sun.nio.ch.SocketChannelImpl
 284:            14            336  sun.reflect.NativeMethodAccessorImpl
 285:             6            336  sun.util.calendar.ZoneInfo
 286:             4            328  [D
 287:            10            320  java.lang.OutOfMemoryError
 288:             8            320  java.util.IdentityHashMap
 289:            10            320  sun.reflect.generics.repository.ClassRepository
 290:            10            320  sun.security.jca.ProviderConfig
 291:            13            312  java.io.InputStreamReader
 292:            13            312  java.lang.invoke.Invokers
 293:            13            312  org.apache.log4j.Level
 294:             3            304  [Ljava.lang.ThreadLocal$ThreadLocalMap$Entry;
 295:             9            288  com.intellij.util.containers.LimitedPool
 296:             9            288  com.sun.org.apache.xerces.internal.util.AugmentationsImpl$SmallContainer
 297:            12            288  com.sun.org.apache.xerces.internal.util.XMLStringBuffer
 298:            18            288  java.io.FileInputStream$1
 299:            12            288  java.lang.RuntimePermission
 300:             9            288  java.util.logging.Level
 301:             9            288  java.util.logging.LogManager$LogNode
 302:            12            288  java.util.regex.Pattern$GroupHead
 303:            12            288  java.util.regex.Pattern$GroupTail
 304:             6            288  jdk.internal.org.objectweb.asm.Frame
 305:             4            288  org.apache.log4j.spi.LoggingEvent
 306:             9            288  org.jetbrains.jps.incremental.storage.BuildTargetConfiguration
 307:            12            288  org.jetbrains.jps.model.ex.JpsElementCollectionRole
 308:             5            280  io.netty.channel.DefaultChannelHandlerContext
 309:             7            280  java.beans.GenericBeanInfo
 310:            17            272  io.netty.channel.$Proxy3
 311:             2            272  io.netty.util.internal.InternalThreadLocalMap
 312:            11            264  com.intellij.util.io.ReadWriteDirectBufferWrapper$FileContext$1
 313:            11            264  com.sun.org.apache.xerces.internal.xni.XMLString
 314:            11            264  java.net.StandardSocketOptions$StdSocketOption
 315:            11            264  java.util.concurrent.locks.AbstractQueuedSynchronizer$ConditionObject
 316:            11            264  org.jdom.AttributeType
 317:             8            256  com.intellij.util.containers.UnsafeWeakList$MyReference
 318:             4            256  com.intellij.util.io.AppendableStorageBackedByResizableMappedFile
 319:             8            256  com.intellij.util.io.UnsyncByteArrayInputStream
 320:             4            256  io.netty.util.Recycler$Stack
 321:            16            256  java.lang.ThreadLocal
 322:            16            256  java.net.URLClassLoader$3$1
 323:            16            256  java.util.LinkedHashSet
 324:             8            256  org.apache.log4j.helpers.PatternParser$BasicPatternConverter
 325:             8            256  sun.misc.ProxyGenerator$PrimitiveTypeInfo
 326:             6            240  [Ljava.lang.invoke.BoundMethodHandle$SpeciesData;
 327:            10            240  com.google.protobuf.GeneratedMessageLite$MethodToInvoke
 328:            10            240  com.sun.org.apache.xerces.internal.impl.XMLScanner$NameType
 329:            10            240  java.lang.Class$1
 330:            10            240  java.lang.invoke.InnerClassLambdaMetafactory$1
 331:            10            240  java.nio.file.StandardOpenOption
 332:             5            240  java.util.TreeMap
 333:             5            240  java.util.concurrent.LinkedBlockingQueue
 334:            10            240  sun.reflect.generics.factory.CoreReflectionFactory
 335:            10            240  sun.reflect.generics.tree.ClassSignature
 336:             7            224  java.lang.reflect.Proxy$Key1
 337:             7            224  java.lang.reflect.WeakCache$CacheValue
 338:             7            224  java.net.InetAddress$InetAddressHolder
 339:             7            224  java.nio.file.attribute.FileTime
 340:             7            224  java.util.concurrent.atomic.AtomicLongFieldUpdater$CASUpdater
 341:             7            224  java.util.concurrent.atomic.AtomicReferenceFieldUpdater$AtomicReferenceFieldUpdaterImpl
 342:             7            224  java.util.regex.Pattern$Branch
 343:            14            224  sun.reflect.DelegatingMethodAccessorImpl
 344:             9            216  [Ljava.util.Enumeration;
 345:            11            216  [Lsun.reflect.generics.tree.FormalTypeParameter;
 346:             9            216  com.intellij.util.io.IntToIntBtree$BtreeRootNode
 347:             9            216  com.intellij.util.io.PersistentEnumeratorBase$Version
 348:             9            216  java.io.StringWriter
 349:             9            216  java.net.URLClassLoader$3
 350:             9            216  java.util.logging.Level$KnownLevel
 351:             3            216  java.util.logging.Logger
 352:             9            216  java.util.regex.Pattern$Start
 353:             9            216  sun.misc.CompoundEnumeration
 354:             9            216  sun.reflect.generics.scope.ClassScope
 355:             9            216  sun.security.action.GetPropertyAction
 356:             9            216  sun.util.logging.PlatformLogger$Level
 357:             7            208  [Ljava.lang.invoke.LambdaForm$NamedFunction;
 358:            13            208  java.io.FilePermission$1
 359:             9            200  [Lsun.reflect.generics.tree.FieldTypeSignature;
 360:             5            200  java.lang.invoke.BoundMethodHandle$SpeciesData
 361:             5            200  java.util.EnumMap
 362:             5            200  java.util.stream.StreamOpFlag
 363:             2            192  [Lcom.sun.org.apache.xerces.internal.xni.QName;
 364:             9            192  [Ljava.lang.reflect.Type;
 365:             7            192  [Ljava.util.regex.Pattern$Node;
 366:             8            192  com.intellij.diagnostic.LoadingState
 367:             8            192  com.intellij.openapi.util.LowMemoryWatcher
 368:             8            192  com.intellij.util.io.PersistentHashMap$2
 369:             8            192  com.intellij.util.io.PersistentHashMapValueStorage$CreationTimeOptions
 370:             6            192  io.netty.buffer.PoolThreadCache$NormalMemoryRegionCache
 371:             3            192  java.lang.invoke.InvokerBytecodeGenerator
 372:             6            192  java.lang.invoke.LambdaForm$BasicType
 373:             8            192  java.lang.invoke.MethodHandleImpl$Intrinsic
 374:             4            192  java.util.Hashtable$Enumerator
 375:             6            192  java.util.Stack
 376:             6            192  java.util.jar.Manifest$FastInputStream
 377:             8            192  java.util.regex.Pattern$Slice
 378:             8            192  org.jetbrains.jps.incremental.BuilderCategory
 379:             4            192  sun.misc.URLClassPath
 380:            10            176  [Lsun.reflect.generics.tree.ClassTypeSignature;
 381:            11            176  com.intellij.util.io.ReadWriteDirectBufferWrapper$FileContext
 382:             7            168  java.net.Inet4Address
 383:             7            168  java.net.InetSocketAddress$InetSocketAddressHolder
 384:             7            168  java.net.NetPermission
 385:             7            168  java.util.Collections$SetFromMap
 386:             7            168  org.jdom.Content$CType
 387:             7            168  sun.net.www.protocol.jar.JarURLConnection$JarURLInputStream
 388:             2            160  [Lcom.intellij.util.containers.SLRUMap;
 389:             4            160  com.intellij.util.io.AppendableStorageBackedByResizableMappedFile$MyBufferedIS
 390:             4            160  io.netty.util.internal.ObjectPool$RecyclerObjectPool$1
 391:             4            160  java.lang.ClassLoader$NativeLibrary
 392:             5            160  java.lang.invoke.DirectMethodHandle$Special
 393:            10            160  java.lang.invoke.LambdaFormEditor
 394:            10            160  java.util.Collections$UnmodifiableSet
 395:             4            160  java.util.HashMap$ValueIterator
 396:             5            160  java.util.concurrent.atomic.AtomicIntegerFieldUpdater$AtomicIntegerFieldUpdaterImpl
 397:             5            160  java.util.logging.LogManager$LoggerContext$1
 398:             5            160  sun.reflect.annotation.AnnotationType
 399:             5            160  sun.reflect.generics.reflectiveObjects.TypeVariableImpl
 400:             5            160  sun.util.locale.provider.LocaleProviderAdapter$Type
 401:             1            152  io.netty.channel.nio.NioEventLoop
 402:             3            144  [Lio.netty.util.internal.PriorityQueueNode;
 403:             3            144  [Lorg.jetbrains.jps.incremental.BuilderCategory;
 404:             3            144  com.intellij.util.io.AppendableStorageBackedByResizableMappedFile$4
 405:             3            144  com.intellij.util.io.FileAccessorCache$1
 406:             9            144  com.intellij.util.io.PersistentBTreeEnumerator$1
 407:             9            144  com.intellij.util.io.PersistentBTreeEnumerator$RecordBufferHandler
 408:             9            144  com.sun.org.apache.xerces.internal.util.AugmentationsImpl
 409:             9            144  java.lang.Boolean
 410:             6            144  java.util.Collections$SynchronizedSet
 411:             3            144  org.jetbrains.jps.builders.java.dependencyView.IntIntPersistentMultiMaplet$1
 412:             6            144  sun.misc.PerfCounter
 413:             3            144  sun.nio.cs.StreamEncoder
 414:             6            144  sun.security.util.DisabledAlgorithmConstraints$Constraint$Operator
 415:             6            136  [Ljava.lang.reflect.TypeVariable;
 416:             1            136  [Ljava.util.List;
 417:             4            128  [Ljava.lang.Boolean;
 418:             2            128  [Lorg.jdom.AttributeType;
 419:             2            128  com.intellij.util.containers.ObjectLinkedOpenHashSet
 420:             4            128  com.intellij.util.io.AppendableStorageBackedByResizableMappedFile$MyDataIS
 421:             4            128  com.intellij.util.io.MappedFileInputStream
 422:             8            128  com.intellij.util.io.PersistentHashMap$$Lambda$41/2065857933
 423:             8            128  com.intellij.util.io.PersistentHashMap$1
 424:             8            128  com.intellij.util.io.PersistentHashMap$3
 425:             1            128  com.sun.org.apache.xerces.internal.impl.XMLEntityManager
 426:             4            128  io.netty.util.Recycler$DefaultHandle
 427:             2            128  io.netty.util.concurrent.ScheduledFutureTask
 428:             2            128  java.io.ExpiringCache$1
 429:             4            128  java.io.FileOutputStream
 430:             8            128  java.util.LinkedHashMap$LinkedEntrySet
 431:             4            128  java.util.LinkedHashMap$LinkedKeyIterator
 432:             4            128  java.util.RegularEnumSet
 433:             1            128  sun.nio.ch.WindowsSelectorImpl
 434:             1            120  [[Ljava.lang.String;
 435:             5            120  com.sun.org.apache.xerces.internal.utils.XMLSecurityManager$State
 436:             5            120  com.sun.org.apache.xerces.internal.utils.XMLSecurityPropertyManager$State
 437:             3            120  java.lang.invoke.BoundMethodHandle$Species_LL
 438:             3            120  java.lang.invoke.DirectMethodHandle$Constructor
 439:             1            120  java.net.SocksSocketImpl
 440:             3            120  java.util.ServiceLoader$LazyIterator
 441:             5            120  java.util.concurrent.CopyOnWriteArrayList
 442:             5            120  java.util.concurrent.LinkedBlockingQueue$Node
 443:             5            120  java.util.regex.Pattern$Ctype
 444:             5            120  java.util.stream.StreamOpFlag$Type
 445:             5            120  org.jdom.Namespace
 446:             5            120  org.jetbrains.jps.incremental.GlobalContextKey
 447:             5            120  org.jetbrains.jps.incremental.ModuleBuildTarget
 448:             5            120  org.jetbrains.jps.incremental.ResourcesTarget
 449:             3            120  sun.misc.FloatingDecimal$BinaryToASCIIBuffer
 450:             5            120  sun.misc.FloatingDecimal$PreparedASCIIToBinaryBuffer
 451:             3            120  sun.misc.URLClassPath$2
 452:             5            120  sun.nio.fs.WindowsPathType
 453:             5            120  sun.reflect.generics.reflectiveObjects.ParameterizedTypeImpl
 454:             5            120  sun.reflect.generics.tree.FormalTypeParameter
 455:             2            112  [Ljava.lang.invoke.MethodType;
 456:             2            112  [Ljava.nio.file.StandardOpenOption;
 457:             2            112  com.intellij.util.containers.ConcurrentIntObjectHashMap
 458:             1            112  io.netty.channel.socket.nio.NioSocketChannel
 459:             2            112  io.netty.util.Recycler$WeakOrderQueue
 460:             7            112  java.net.InetSocketAddress
 461:             1            112  java.util.GregorianCalendar
 462:             2            112  java.util.ResourceBundle$CacheKey
 463:             7            112  java.util.regex.Pattern$BranchConn
 464:             2            112  org.jetbrains.jps.api.CmdlineRemoteProto$Message
 465:             2            112  sun.security.provider.SHA
 466:             1            104  org.jetbrains.jps.builders.java.dependencyView.Mappings
 467:             2             96  [Lcom.android.tools.idea.jps.AndroidTargetBuilder;
 468:             2             96  [Lcom.sun.org.apache.xerces.internal.utils.XMLSecurityManager$State;
 469:             5             96  [Ljava.lang.StackTraceElement;
 470:             3             96  [Ljava.security.ProtectionDomain;
 471:             4             96  [Lorg.jetbrains.jps.incremental.TargetBuilder;
 472:             3             96  com.intellij.util.containers.ConcurrentIntObjectHashMap$ForwardingNode
 473:             3             96  com.intellij.util.io.DataOutputStream
 474:             3             96  com.sun.org.apache.xerces.internal.utils.XMLSecurityManager$NameMap
 475:             2             96  gnu.trove.TObjectLongHashMap
 476:             4             96  io.netty.util.Recycler$2
 477:             4             96  io.netty.util.ResourceLeakDetector$Level
 478:             2             96  java.lang.ThreadGroup
 479:             6             96  java.util.Collections$SingletonSet
 480:             3             96  java.util.LinkedHashMap$LinkedEntryIterator
 481:             2             96  java.util.ResourceBundle$BundleReference
 482:             3             96  java.util.ServiceLoader
 483:             2             96  java.util.StringTokenizer
 484:             4             96  java.util.concurrent.ConcurrentHashMap$KeySetView
 485:             4             96  java.util.regex.Pattern$1
 486:             4             96  java.util.regex.Pattern$BitClass
 487:             4             96  java.util.stream.StreamShape
 488:             2             96  org.apache.log4j.helpers.PatternParser
 489:             2             96  org.jetbrains.jps.api.CmdlineRemoteProto$Message$BuilderMessage
 490:             4             96  org.jetbrains.jps.api.CmdlineRemoteProto$Message$BuilderMessage$Type
 491:             2             96  org.jetbrains.jps.api.CmdlineRemoteProto$Message$UUID
 492:             4             96  org.jetbrains.jps.model.impl.JpsUrlListImpl
 493:             4             96  org.jetbrains.jps.model.java.JpsJavaClasspathKind
 494:             2             96  org.jetbrains.jps.model.java.impl.JpsJavaDependenciesEnumeratorImpl
 495:             4             96  sun.misc.JarIndex
 496:             1             96  sun.misc.Launcher$AppClassLoader
 497:             1             96  sun.nio.ch.ServerSocketChannelImpl
 498:             3             96  sun.nio.fs.NativeBuffer
 499:             3             96  sun.reflect.UnsafeStaticObjectFieldAccessorImpl
 500:             1             96  sun.security.jca.ProviderList$1
 501:             1             96  sun.security.provider.Sun
 502:             1             96  sun.util.calendar.Gregorian$Date
 503:             2             96  sun.util.locale.provider.LocaleResources$ResourceReference
 504:             1             88  io.netty.buffer.PoolChunk
 505:             1             88  java.net.DualStackPlainSocketImpl
 506:             1             88  java.net.URLClassLoader
 507:             1             88  java.util.jar.JarVerifier
 508:             1             88  org.apache.log4j.RollingFileAppender
 509:             1             88  sun.misc.Launcher$ExtClassLoader
 510:             2             80  [F
 511:             2             80  [Lio.netty.buffer.PoolArena;
 512:             1             80  [Lio.netty.handler.codec.CodecOutputList;
 513:             5             80  [Ljava.io.File;
 514:             1             80  [Ljava.util.concurrent.locks.Lock;
 515:             2             80  [Ljava.util.stream.StreamOpFlag$Type;
 516:             3             80  [Ljdk.internal.org.objectweb.asm.Type;
 517:             1             80  [Lorg.jetbrains.jps.model.java.LanguageLevel;
 518:             2             80  com.intellij.util.concurrency.BoundedTaskExecutor
 519:             2             80  com.sun.xml.internal.stream.util.BufferAllocator
 520:             1             80  io.netty.buffer.PooledDirectByteBuf
 521:             2             80  java.io.BufferedWriter
 522:             2             80  java.io.ExpiringCache
 523:             2             80  java.lang.invoke.DirectMethodHandle$Interface
 524:             2             80  java.lang.invoke.MethodHandleImpl$AsVarargsCollector
 525:             2             80  java.util.Locale$Category
 526:             2             80  java.util.Spliterators$IteratorSpliterator
 527:             1             80  java.util.concurrent.ThreadPoolExecutor
 528:             5             80  java.util.concurrent.atomic.AtomicBoolean
 529:             2             80  java.util.regex.Pattern$Loop
 530:             2             80  org.apache.log4j.helpers.PatternParser$CategoryPatternConverter
 531:             1             80  org.jetbrains.jps.cmdline.ProjectDescriptor
 532:             1             80  org.jetbrains.jps.model.java.impl.compiler.JpsJavaCompilerConfigurationImpl
 533:             2             80  sun.nio.ch.SocketAdaptor
 534:             2             80  sun.reflect.UnsafeQualifiedStaticObjectFieldAccessorImpl
 535:             2             80  sun.security.util.DisabledAlgorithmConstraints$KeySizeConstraint
 536:             1             72  [Ljava.lang.invoke.LambdaFormEditor$Transform$Kind;
 537:             2             72  [Lorg.jetbrains.jps.incremental.ModuleLevelBuilder;
 538:             2             72  [Lsun.security.jca.ProviderConfig;
 539:             3             72  com.intellij.openapi.util.io.FileAttributes$Type
 540:             3             72  com.intellij.util.ThreeState
 541:             3             72  com.sun.nio.file.ExtendedOpenOption
 542:             3             72  io.netty.buffer.PoolArena$SizeClass
 543:             3             72  java.io.OutputStreamWriter
 544:             3             72  java.lang.ThreadLocal$ThreadLocalMap
 545:             3             72  java.lang.annotation.RetentionPolicy
 546:             3             72  java.security.SecurityPermission
 547:             1             72  java.util.ResourceBundle$RBClassLoader
 548:             3             72  java.util.ServiceLoader$1
 549:             3             72  java.util.concurrent.atomic.AtomicLongFieldUpdater$CASUpdater$1
 550:             3             72  java.util.logging.LogManager$5
 551:             1             72  java.util.logging.LogManager$RootLogger
 552:             3             72  java.util.regex.Pattern$CharProperty$1
 553:             3             72  java.util.stream.Collector$Characteristics
 554:             3             72  java.util.stream.MatchOps$MatchKind
 555:             3             72  org.jetbrains.jps.api.CmdlineRemoteProto$Message$Type
 556:             3             72  org.jetbrains.jps.builders.java.JavaModuleBuildTargetType$Loader
 557:             3             72  org.jetbrains.jps.builders.java.dependencyView.IntIntPersistentMultiMaplet
 558:             3             72  org.jetbrains.jps.indices.impl.ModuleExcludeIndexImpl$FileLocation
 559:             3             72  org.jetbrains.jps.intellilang.instrumentation.InstrumentationType
 560:             3             72  org.jetbrains.jps.maven.model.impl.MavenAnnotationProcessorTarget
 561:             3             72  org.jetbrains.jps.model.library.JpsLibraryRoot$InclusionOptions
 562:             3             72  org.jetbrains.jps.model.library.impl.JpsLibraryRootRole
 563:             3             72  sun.misc.FloatingDecimal$ExceptionalBinaryToASCIIBuffer
 564:             3             72  sun.nio.fs.NativeBuffer$Deallocator
 565:             1             72  sun.reflect.DelegatingClassLoader
 566:             1             72  sun.util.locale.provider.JRELocaleProviderAdapter
 567:             2             64  [Lcom.sun.nio.file.ExtendedOpenOption;
 568:             2             64  [Lcom.sun.org.apache.xerces.internal.impl.XMLEntityManager$CharacterBuffer;
 569:             2             64  [Lcom.sun.org.apache.xerces.internal.utils.XMLSecurityPropertyManager$State;
 570:             2             64  [Lio.netty.buffer.PoolArena$SizeClass;
 571:             2             64  [Lio.netty.util.ResourceLeakDetector$Level;
 572:             2             64  [Ljava.lang.Thread;
 573:             2             64  [Ljava.lang.annotation.RetentionPolicy;
 574:             2             64  [Ljava.util.stream.Collector$Characteristics;
 575:             2             64  [Lorg.jetbrains.jps.model.library.JpsLibraryRoot$InclusionOptions;
 576:             2             64  [Lsun.nio.fs.NativeBuffer;
 577:             4             64  com.intellij.openapi.util.io.FileFilters$1
 578:             2             64  com.intellij.util.EventDispatcher
 579:             1             64  com.sun.org.apache.xerces.internal.impl.XMLEntityScanner
 580:             1             64  com.sun.org.apache.xerces.internal.impl.XMLStreamReaderImpl
 581:             2             64  com.sun.org.apache.xerces.internal.util.XMLResourceIdentifierImpl
 582:             2             64  com.sun.org.apache.xerces.internal.utils.XMLSecurityPropertyManager$Property
 583:             4             64  com.sun.proxy.$Proxy2
 584:             2             64  io.netty.buffer.EmptyByteBuf
 585:             1             64  io.netty.buffer.PoolThreadCache
 586:             1             64  io.netty.buffer.PooledByteBufAllocator
 587:             2             64  io.netty.channel.AdaptiveRecvByteBufAllocator
 588:             1             64  io.netty.channel.ChannelOutboundBuffer
 589:             1             64  io.netty.channel.ChannelOutboundBuffer$Entry
 590:             1             64  io.netty.channel.DefaultChannelPipeline$HeadContext
 591:             1             64  io.netty.channel.socket.nio.NioSocketChannel$NioSocketChannelConfig
 592:             2             64  io.netty.util.concurrent.DefaultPromise
 593:             1             64  io.netty.util.concurrent.GlobalEventExecutor
 594:             4             64  io.netty.util.internal.ObjectPool$RecyclerObjectPool
 595:             4             64  io.netty.util.internal.TypeParameterMatcher$ReflectiveMatcher
 596:             2             64  java.io.PrintStream
 597:             2             64  java.lang.ClassValue$Entry
 598:             2             64  java.lang.NoSuchMethodError
 599:             2             64  java.lang.StringCoding$StringDecoder
 600:             2             64  java.lang.UnsupportedOperationException
 601:             2             64  java.lang.VirtualMachineError
 602:             2             64  java.lang.ref.ReferenceQueue$Null
 603:             2             64  java.security.MessageDigest$Delegate
 604:             1             64  java.security.SecureRandom
 605:             2             64  java.util.Collections$SynchronizedMap
 606:             2             64  java.util.Collections$UnmodifiableMap
 607:             4             64  java.util.HashMap$EntrySet
 608:             4             64  java.util.HashMap$Values
 609:             4             64  java.util.LinkedHashMap$LinkedKeySet
 610:             2             64  java.util.ResourceBundle$LoaderReference
 611:             2             64  java.util.regex.Pattern$Behind
 612:             2             64  java.util.stream.Collectors$CollectorImpl
 613:             2             64  java.util.stream.ReduceOps$3
 614:             2             64  java.util.stream.ReduceOps$3ReducingSink
 615:             1             64  org.apache.log4j.ConsoleAppender
 616:             2             64  org.apache.log4j.PatternLayout
 617:             2             64  org.jetbrains.jps.builders.java.FilteredResourceRootDescriptor
 618:             2             64  org.jetbrains.jps.incremental.groovy.GroovyBuilder
 619:             4             64  org.jetbrains.jps.model.impl.JpsUrlListRole
 620:             4             64  sun.net.www.protocol.jar.Handler
 621:             1             64  sun.nio.cs.ext.DoubleByte$Encoder
 622:             2             64  sun.reflect.UnsafeObjectFieldAccessorImpl
 623:             2             64  sun.security.provider.SecureRandom
 624:             1             56  [Lcom.google.protobuf.GeneratedMessageLite$MethodToInvoke;
 625:             1             56  [Lcom.sun.org.apache.xerces.internal.impl.XMLScanner$NameType;
 626:             1             56  [Lcom.sun.org.apache.xerces.internal.utils.XMLSecurityManager$Limit;
 627:             1             56  [Ljava.lang.Runnable;
 628:             1             56  [Ljava.util.Map;
 629:             1             56  [Lsun.util.logging.PlatformLogger$Level;
 630:             1             56  [[I
 631:             1             56  com.intellij.util.io.PagedFileStorage$StorageLock
 632:             1             56  com.intellij.util.io.PagedFileStorage$StorageLock$1
 633:             1             56  com.sun.org.apache.xerces.internal.util.XMLAttributesIteratorImpl
 634:             1             56  io.netty.channel.DefaultChannelPipeline$TailContext
 635:             1             56  java.net.SocketPermission
 636:             1             56  java.util.logging.LogManager
 637:             1             56  org.jetbrains.jps.incremental.storage.BuildDataManager
 638:             1             56  sun.nio.ch.SinkChannelImpl
 639:             1             56  sun.nio.ch.SourceChannelImpl
 640:             1             48  [Lcom.intellij.diagnostic.LoadingState;
 641:             1             48  [Lcom.sun.beans.util.Cache$CacheEntry;
 642:             1             48  [Lcom.sun.org.apache.xerces.internal.util.XMLAttributesImpl$Attribute;
 643:             1             48  [Ljava.beans.WeakIdentityMap$Entry;
 644:             3             48  [Ljava.lang.annotation.Annotation;
 645:             1             48  [Ljava.lang.invoke.MethodHandleImpl$Intrinsic;
 646:             1             48  [Ljava.util.concurrent.TimeUnit;
 647:             1             48  [Lorg.jdom.Content$CType;
 648:             1             48  [Lsun.nio.ch.SelectionKeyImpl;
 649:             2             48  com.intellij.flex.build.FlexResourceBuildTargetType
 650:             2             48  com.intellij.openapi.util.LowMemoryWatcher$LowMemoryWatcherType
 651:             2             48  com.intellij.openapi.util.Pair
 652:             2             48  com.intellij.openapi.util.io.PathExecLazyValue
 653:             2             48  com.intellij.util.EventDispatcher$1
 654:             2             48  com.intellij.util.PathUtilRt$Platform
 655:             2             48  com.intellij.util.concurrency.AtomicFieldUpdater
 656:             2             48  com.intellij.util.containers.ConcurrentFactoryMap$2
 657:             3             48  com.intellij.util.containers.ContainerUtil$ImmutableListBackedByArray
 658:             2             48  com.intellij.util.containers.DisposableWrapperList
 659:             2             48  com.sun.org.apache.xerces.internal.impl.PropertyManager
 660:             1             48  com.sun.org.apache.xerces.internal.impl.XMLDocumentFragmentScannerImpl$ElementStack
 661:             1             48  com.sun.xml.internal.stream.StaxErrorReporter
 662:             1             48  gnu.trove.TIntHashSet
 663:             1             48  io.netty.bootstrap.AbstractBootstrap$PendingRegistrationPromise
 664:             1             48  io.netty.bootstrap.Bootstrap
 665:             1             48  io.netty.buffer.UnpooledHeapByteBuf
 666:             1             48  io.netty.channel.DefaultChannelPipeline
 667:             2             48  io.netty.channel.VoidChannelPromise
 668:             2             48  io.netty.util.Recycler$WeakOrderQueue$Head
 669:             3             48  io.netty.util.concurrent.PromiseTask$SentinelRunnable
 670:             2             48  io.netty.util.internal.DefaultPriorityQueue
 671:             2             48  java.io.BufferedOutputStream
 672:             2             48  java.io.File$PathStatus
 673:             3             48  java.lang.ClassLoader$2
 674:             1             48  java.lang.ProcessEnvironment
 675:             1             48  java.lang.invoke.BoundMethodHandle$Species_L4
 676:             2             48  java.lang.reflect.ReflectPermission
 677:             2             48  java.net.InetAddress$Cache
 678:             2             48  java.net.InetAddress$Cache$Type
 679:             2             48  java.net.StandardProtocolFamily
 680:             2             48  java.nio.charset.CoderResult
 681:             3             48  java.nio.charset.CodingErrorAction
 682:             1             48  java.util.Properties$LineReader
 683:             2             48  java.util.concurrent.ConcurrentLinkedQueue
 684:             2             48  java.util.concurrent.ConcurrentLinkedQueue$Node
 685:             1             48  java.util.concurrent.ThreadPoolExecutor$Worker
 686:             2             48  java.util.logging.Logger$LoggerBundle
 687:             2             48  java.util.regex.Pattern$5
 688:             2             48  java.util.regex.Pattern$Prolog
 689:             2             48  java.util.regex.Pattern$SliceI
 690:             2             48  java.util.stream.Collectors$$Lambda$38/558922244
 691:             1             48  org.apache.log4j.Hierarchy
 692:             2             48  org.apache.log4j.helpers.FormattingInfo
 693:             2             48  org.apache.log4j.helpers.OnlyOnceErrorHandler
 694:             2             48  org.jetbrains.jps.builders.java.JavaModuleBuildTargetType
 695:             2             48  org.jetbrains.jps.builders.java.ResourcesTargetType
 696:             2             48  org.jetbrains.jps.builders.java.ResourcesTargetType$Loader
 697:             3             48  org.jetbrains.jps.builders.java.dependencyView.IntIntPersistentMultiMaplet$IntSetExternalizer
 698:             1             48  org.jetbrains.jps.builders.java.dependencyView.IntObjectPersistentMultiMaplet$1
 699:             1             48  org.jetbrains.jps.builders.java.dependencyView.ObjectObjectPersistentMultiMaplet$1
 700:             2             48  org.jetbrains.jps.gradle.model.impl.GradleResourcesTargetType
 701:             2             48  org.jetbrains.jps.incremental.groovy.CheckResourcesTarget
 702:             2             48  org.jetbrains.jps.incremental.groovy.CheckResourcesTarget$Type
 703:             2             48  org.jetbrains.jps.incremental.groovy.CheckResourcesTarget$Type$1
 704:             2             48  org.jetbrains.jps.incremental.relativizer.CommonPathRelativizer
 705:             2             48  org.jetbrains.jps.maven.model.impl.MavenAnnotationProcessorTargetType
 706:             2             48  org.jetbrains.jps.maven.model.impl.MavenAnnotationProcessorTargetType$1
 707:             2             48  org.jetbrains.jps.maven.model.impl.MavenResourcesTargetType
 708:             3             48  org.jetbrains.jps.model.impl.JpsDummyElementImpl
 709:             2             48  org.jetbrains.jps.model.java.JavaResourceRootType
 710:             2             48  org.jetbrains.jps.model.java.JavaSourceRootType
 711:             2             48  org.jetbrains.jps.model.java.impl.JpsJavaDependenciesRootsEnumeratorImpl
 712:             2             48  org.jetbrains.jps.model.java.impl.compiler.JpsCompilerExcludesImpl
 713:             1             48  org.jetbrains.jps.model.java.impl.compiler.ProcessorConfigProfileImpl
 714:             3             48  org.jetbrains.jps.model.library.impl.JpsLibraryCollectionImpl
 715:             2             48  org.jetbrains.jps.model.module.impl.JpsDependenciesRootsEnumeratorBase$$Lambda$49/889486595
 716:             2             48  org.jetbrains.jps.model.module.impl.JpsSdkReferencesTableImpl
 717:             2             48  org.jetbrains.jps.model.serialization.library.JpsLibraryRootTypeSerializer
 718:             2             48  sun.misc.NativeSignalHandler
 719:             2             48  sun.misc.Signal
 720:             2             48  sun.nio.ch.Util$BufferCache
 721:             1             48  sun.nio.ch.WindowsSelectorImpl$FdMap
 722:             2             48  sun.security.jca.ProviderList
 723:             2             48  sun.security.jca.ProviderList$3
 724:             2             48  sun.security.util.DisabledAlgorithmConstraints$DisabledConstraint
 725:             1             48  sun.util.resources.CalendarData
 726:             1             48  sun.util.resources.zh.CalendarData_zh
 727:             1             40  [Ljava.nio.charset.Charset;
 728:             1             40  [Ljava.util.stream.StreamOpFlag;
 729:             1             40  [Lsun.nio.fs.WindowsPathType;
 730:             1             40  [Lsun.security.util.DisabledAlgorithmConstraints$Constraint$Operator;
 731:             1             40  [Lsun.util.locale.provider.LocaleProviderAdapter$Type;
 732:             1             40  [[Ljava.lang.invoke.LambdaForm$Name;
 733:             1             40  [[S
 734:             1             40  com.intellij.openapi.util.io.FileAttributes
 735:             1             40  com.sun.beans.finder.MethodFinder$1
 736:             1             40  com.sun.org.apache.xerces.internal.impl.XMLDocumentFragmentScannerImpl$ElementStack2
 737:             1             40  com.sun.org.apache.xerces.internal.impl.XMLEntityManager$CharacterBufferPool
 738:             1             40  com.sun.org.apache.xerces.internal.impl.dtd.XMLDTDDescription
 739:             1             40  com.sun.org.apache.xerces.internal.util.SymbolTable
 740:             1             40  com.sun.org.apache.xerces.internal.utils.XMLLimitAnalyzer
 741:             1             40  com.sun.org.apache.xerces.internal.utils.XMLSecurityManager
 742:             1             40  com.sun.xml.internal.stream.XMLEntityStorage
 743:             1             40  io.netty.channel.AbstractChannel$CloseFuture
 744:             1             40  io.netty.channel.DefaultChannelPromise
 745:             1             40  io.netty.channel.socket.nio.NioSocketChannel$NioSocketChannelUnsafe
 746:             1             40  io.netty.handler.codec.protobuf.ProtobufVarint32FrameDecoder
 747:             1             40  java.beans.WeakIdentityMap$Entry
 748:             1             40  java.util.HashMap$EntryIterator
 749:             1             40  java.util.ResourceBundle$1
 750:             1             40  org.apache.log4j.helpers.CountingQuietWriter
 751:             1             40  org.apache.log4j.helpers.PatternParser$DatePatternConverter
 752:             1             40  org.apache.log4j.spi.RootLogger
 753:             1             40  org.jetbrains.jps.cmdline.PreloadedData
 754:             1             40  org.jetbrains.jps.incremental.storage.BuildTargetsState
 755:             1             40  org.jetbrains.jps.incremental.storage.FileTimestampStorage
 756:             1             40  org.jetbrains.jps.incremental.storage.OneToManyPathsMapping
 757:             1             40  org.jetbrains.jps.incremental.storage.OutputToTargetRegistry
 758:             1             40  org.jetbrains.jps.model.impl.JpsProjectImpl
 759:             1             40  org.jetbrains.jps.model.java.compiler.EclipseCompilerOptions
 760:             1             40  org.jetbrains.jps.model.java.impl.JpsJavaModuleExtensionImpl
 761:             1             40  sun.nio.ch.SelectionKeyImpl
 762:             1             40  sun.nio.cs.StandardCharsets$Aliases
 763:             1             40  sun.nio.cs.StandardCharsets$Cache
 764:             1             40  sun.nio.cs.StandardCharsets$Classes
 765:             1             40  sun.nio.cs.ext.ExtendedCharsets
 766:             1             40  sun.reflect.generics.repository.MethodRepository
 767:             1             32  [Lcom.intellij.openapi.util.io.FileAttributes$Type;
 768:             1             32  [Lcom.intellij.util.ThreeState;
 769:             1             32  [Lcom.sun.beans.util.Cache$Kind;
 770:             1             32  [Lcom.sun.org.apache.xerces.internal.utils.XMLSecurityManager$NameMap;
 771:             2             32  [Ljava.lang.Enum;
 772:             1             32  [Ljava.lang.OutOfMemoryError;
 773:             1             32  [Ljava.lang.ThreadGroup;
 774:             1             32  [Ljava.lang.invoke.LambdaFormEditor$Transform;
 775:             2             32  [Ljava.security.cert.Certificate;
 776:             2             32  [Ljava.util.Map$Entry;
 777:             1             32  [Ljava.util.stream.MatchOps$MatchKind;
 778:             1             32  [Ljava.util.stream.StreamShape;
 779:             1             32  [Lorg.jetbrains.jps.api.CmdlineRemoteProto$Message$BuilderMessage$Type;
 780:             1             32  [Lorg.jetbrains.jps.api.CmdlineRemoteProto$Message$Type;
 781:             1             32  [Lorg.jetbrains.jps.indices.impl.ModuleExcludeIndexImpl$FileLocation;
 782:             1             32  [Lorg.jetbrains.jps.intellilang.instrumentation.InstrumentationType;
 783:             1             32  [Lorg.jetbrains.jps.model.java.JpsJavaClasspathKind;
 784:             1             32  [Lorg.jetbrains.jps.model.serialization.JpsGlobalExtensionSerializer;
 785:             1             32  com.google.protobuf.CodedOutputStream$ArrayEncoder
 786:             1             32  com.google.protobuf.UnknownFieldSetLite
 787:             1             32  com.intellij.lang.aspectj.build.config.AjCompilerSettings
 788:             1             32  com.intellij.openapi.fileTypes.impl.FileTypeAssocTable
 789:             2             32  com.intellij.openapi.util.StaticGetter
 790:             2             32  com.intellij.util.containers.LockFreeCopyOnWriteArrayList
 791:             1             32  com.intellij.util.containers.WeakList
 792:             1             32  com.intellij.util.io.CachingEnumerator
 793:             1             32  com.intellij.util.io.PersistentHashMapValueStorage$1
 794:             1             32  com.intellij.util.io.PersistentHashMapValueStorage$2
 795:             1             32  com.intellij.util.io.PersistentHashMapValueStorage$3
 796:             1             32  com.intellij.util.text.CharArrayCharSequence
 797:             2             32  com.intellij.util.text.CharSequenceHashingStrategy
 798:             2             32  com.intellij.util.xmlb.SkipDefaultValuesSerializationFilters
 799:             2             32  com.sun.beans.WeakCache
 800:             1             32  com.sun.beans.finder.BeanInfoFinder
 801:             1             32  com.sun.org.apache.xerces.internal.impl.XMLEntityScanner$1
 802:             1             32  com.sun.org.apache.xerces.internal.util.NamespaceSupport
 803:             1             32  io.netty.buffer.PoolThreadCache$MemoryRegionCache$Entry
 804:             1             32  io.netty.buffer.UnpooledByteBufAllocator
 805:             1             32  io.netty.channel.AbstractChannelHandlerContext$WriteTask
 806:             1             32  io.netty.channel.DefaultChannelId
 807:             1             32  io.netty.channel.nio.NioEventLoopGroup
 808:             1             32  io.netty.handler.codec.CodecOutputList$CodecOutputLists
 809:             1             32  io.netty.handler.codec.protobuf.ProtobufDecoder
 810:             1             32  io.netty.util.Recycler$WeakOrderQueue$Link
 811:             1             32  io.netty.util.ResourceLeakDetector
 812:             1             32  io.netty.util.concurrent.DefaultThreadFactory
 813:             1             32  java.beans.ThreadGroupContext
 814:             1             32  java.beans.ThreadGroupContext$1
 815:             1             32  java.io.WinNTFileSystem
 816:             1             32  java.lang.ArithmeticException
 817:             1             32  java.lang.NoSuchMethodException
 818:             1             32  java.lang.NullPointerException
 819:             2             32  java.lang.Shutdown$Lock
 820:             1             32  java.lang.StackTraceElement
 821:             1             32  java.lang.StringCoding$StringEncoder
 822:             1             32  java.lang.reflect.WeakCache
 823:             1             32  java.lang.reflect.WeakCache$CacheKey
 824:             2             32  java.nio.ByteOrder
 825:             1             32  java.security.BasicPermissionCollection
 826:             1             32  java.text.DontCareFieldPosition
 827:             2             32  java.util.IdentityHashMap$KeySet
 828:             2             32  java.util.LinkedHashMap$LinkedValues
 829:             1             32  java.util.Random
 830:             1             32  java.util.UUID
 831:             1             32  java.util.concurrent.CancellationException
 832:             1             32  java.util.concurrent.CountDownLatch$Sync
 833:             1             32  java.util.concurrent.SynchronousQueue
 834:             1             32  java.util.concurrent.SynchronousQueue$TransferStack$SNode
 835:             1             32  java.util.concurrent.ThreadLocalRandom
 836:             2             32  java.util.concurrent.atomic.AtomicReference
 837:             1             32  java.util.logging.LogManager$SystemLoggerContext
 838:             1             32  java.util.regex.Pattern$BnM
 839:             2             32  java.util.stream.Collectors$$Lambda$39/339099861
 840:             1             32  org.jetbrains.jps.builders.impl.BuildRootIndexImpl
 841:             1             32  org.jetbrains.jps.builders.impl.BuildTargetIndexImpl
 842:             1             32  org.jetbrains.jps.builders.java.JavaSourceRootDescriptor
 843:             1             32  org.jetbrains.jps.builders.java.dependencyView.DependencyContext
 844:             1             32  org.jetbrains.jps.builders.java.dependencyView.Mappings$2
 845:             1             32  org.jetbrains.jps.cmdline.BuildMain$MyMessageHandler
 846:             1             32  org.jetbrains.jps.cmdline.BuildRunner
 847:             1             32  org.jetbrains.jps.cmdline.JpsModelLoaderImpl
 848:             1             32  org.jetbrains.jps.incremental.BuilderRegistry
 849:             1             32  org.jetbrains.jps.incremental.CompilerEncodingConfiguration
 850:             1             32  org.jetbrains.jps.incremental.fs.BuildFSState
 851:             2             32  org.jetbrains.jps.incremental.groovy.CompilingGroovycRunner
 852:             1             32  org.jetbrains.jps.incremental.groovy.GreclipseBuilder
 853:             1             32  org.jetbrains.jps.indices.impl.ModuleExcludeIndexImpl
 854:             1             32  org.jetbrains.jps.model.impl.JpsGlobalImpl
 855:             1             32  org.jetbrains.jps.model.impl.JpsModelImpl
 856:             1             32  org.jetbrains.jps.model.impl.runConfiguration.JpsRunConfigurationImpl
 857:             1             32  org.jetbrains.jps.model.java.compiler.JpsJavaCompilerOptions
 858:             1             32  org.jetbrains.jps.model.java.compiler.RmicCompilerOptions
 859:             1             32  org.jetbrains.jps.model.library.impl.JpsLibraryImpl
 860:             1             32  org.jetbrains.jps.model.library.impl.JpsSdkReferenceImpl
 861:             1             32  org.jetbrains.jps.model.library.impl.sdk.JpsSdkImpl
 862:             2             32  org.jetbrains.jps.model.module.impl.JpsDependenciesRootsEnumeratorBase$$Lambda$48/487694075
 863:             1             32  org.jetbrains.jps.model.module.impl.JpsModuleImpl
 864:             1             32  org.jetbrains.jps.model.module.impl.JpsModuleSourceRootImpl
 865:             1             32  sun.nio.ch.AllocatedNativeObject
 866:             1             32  sun.nio.ch.PollArrayWrapper
 867:             1             32  sun.nio.ch.ServerSocketAdaptor
 868:             2             32  sun.nio.ch.SocketDispatcher
 869:             1             32  sun.nio.ch.WindowsSelectorImpl$MapEntry
 870:             1             32  sun.nio.ch.WindowsSelectorImpl$SubSelector
 871:             1             32  sun.nio.cs.StandardCharsets
 872:             1             32  sun.nio.fs.WindowsFileSystem
 873:             1             32  sun.reflect.UnsafeQualifiedObjectFieldAccessorImpl
 874:             1             32  sun.reflect.generics.reflectiveObjects.WildcardTypeImpl
 875:             1             32  sun.reflect.generics.tree.MethodTypeSignature
 876:             1             32  sun.util.locale.provider.LocaleResources
 877:             1             32  sun.util.locale.provider.LocaleServiceProviderPool
 878:             1             24  [Lcom.intellij.flex.build.FlexResourceBuildTargetType;
 879:             1             24  [Lcom.intellij.lang.aspectj.build.AjBuilderBase;
 880:             1             24  [Lcom.intellij.openapi.util.LowMemoryWatcher$LowMemoryWatcherType;
 881:             1             24  [Lcom.intellij.util.PathUtilRt$Platform;
 882:             1             24  [Lcom.sun.org.apache.xerces.internal.utils.XMLSecurityPropertyManager$Property;
 883:             1             24  [Lio.netty.util.concurrent.EventExecutor;
 884:             1             24  [Lio.netty.util.concurrent.GenericFutureListener;
 885:             1             24  [Ljava.io.File$PathStatus;
 886:             1             24  [Ljava.lang.ClassValue$Entry;
 887:             1             24  [Ljava.net.InetAddress$Cache$Type;
 888:             1             24  [Ljava.net.StandardProtocolFamily;
 889:             1             24  [Ljava.util.Locale$Category;
 890:             1             24  [Lorg.jetbrains.jps.builders.java.JavaModuleBuildTargetType;
 891:             1             24  [Lorg.jetbrains.jps.builders.java.ResourcesTargetType;
 892:             1             24  [Lorg.jetbrains.jps.gradle.model.impl.GradleResourcesTargetType;
 893:             1             24  [Lorg.jetbrains.jps.incremental.groovy.CheckResourcesTarget$Type;
 894:             1             24  [Lorg.jetbrains.jps.maven.model.impl.MavenResourcesTargetType;
 895:             1             24  [Lorg.jetbrains.jps.model.serialization.library.JpsLibraryRootTypeSerializer;
 896:             1             24  [Lorg.jetbrains.jps.uiDesigner.compiler.FormsBuilder;
 897:             1             24  [Lsun.launcher.LauncherHelper;
 898:             1             24  com.intellij.flex.build.FlexBuildTargetType
 899:             1             24  com.intellij.flex.model.sdk.JpsFlexSdkType
 900:             1             24  com.intellij.flex.model.sdk.JpsFlexmojosSdkType
 901:             1             24  com.intellij.jps.flex.build.FlexBuilder
 902:             1             24  com.intellij.lang.aspectj.build.AjTranslatingBuilder
 903:             1             24  com.intellij.lang.aspectj.build.AjWeavingBuilder
 904:             1             24  com.intellij.lang.aspectj.build.config.AjJpsCompilerSettings
 905:             1             24  com.intellij.openapi.fileTypes.WildcardFileNameMatcher
 906:             1             24  com.intellij.openapi.fileTypes.impl.IgnoredPatternSet
 907:             1             24  com.intellij.openapi.util.TextRange
 908:             1             24  com.intellij.openapi.util.text.StringUtil$MyHtml2Text
 909:             1             24  com.intellij.util.ConcurrencyUtil$$Lambda$8/2110245805
 910:             1             24  com.intellij.util.containers.ConcurrentIntKeyWeakValueHashMap
 911:             1             24  com.intellij.util.containers.ContainerUtil$10
 912:             1             24  com.intellij.util.containers.ImmutableList$Itr
 913:             1             24  com.intellij.util.containers.MultiMap$EmptyMap
 914:             1             24  com.intellij.util.io.PagedFileStorage$StorageLockContext
 915:             1             24  com.intellij.util.io.PersistentEnumeratorBase$FlyweightKey
 916:             1             24  com.intellij.util.io.PersistentStringEnumerator
 917:             1             24  com.sun.beans.util.Cache$Kind$1
 918:             1             24  com.sun.beans.util.Cache$Kind$2
 919:             1             24  com.sun.beans.util.Cache$Kind$3
 920:             1             24  com.sun.org.apache.xerces.internal.impl.XMLNSDocumentScannerImpl$NSContentDriver
 921:             1             24  com.sun.org.apache.xerces.internal.impl.msg.XMLMessageFormatter
 922:             1             24  com.sun.org.apache.xerces.internal.utils.XMLSecurityPropertyManager
 923:             1             24  com.sun.xml.internal.stream.XMLInputFactoryImpl
 924:             1             24  gnu.trove.THashMap$EntryView
 925:             1             24  io.netty.buffer.PooledByteBufAllocator$PoolThreadLocalCache
 926:             1             24  io.netty.buffer.UnpooledByteBufAllocator$UnpooledByteBufAllocatorMetric
 927:             1             24  io.netty.channel.ChannelMetadata
 928:             1             24  io.netty.channel.ChannelOption$1
 929:             1             24  io.netty.channel.SucceededChannelFuture
 930:             1             24  io.netty.channel.WriteBufferWaterMark
 931:             1             24  io.netty.channel.nio.SelectedSelectionKeySet
 932:             1             24  io.netty.channel.nio.SelectedSelectionKeySetSelector
 933:             1             24  io.netty.handler.codec.protobuf.ProtobufEncoder
 934:             1             24  io.netty.handler.codec.protobuf.ProtobufVarint32LengthFieldPrepender
 935:             1             24  io.netty.resolver.AddressResolverGroup$1
 936:             1             24  io.netty.resolver.DefaultAddressResolverGroup
 937:             1             24  io.netty.resolver.DefaultNameResolver
 938:             1             24  io.netty.resolver.InetSocketAddressResolver
 939:             1             24  io.netty.util.ResourceLeakDetectorFactory$DefaultResourceLeakDetectorFactory
 940:             1             24  io.netty.util.concurrent.DefaultEventExecutorChooserFactory$PowerOfTwoEventExecutorChooser
 941:             1             24  io.netty.util.concurrent.DefaultFutureListeners
 942:             1             24  io.netty.util.concurrent.FailedFuture
 943:             1             24  io.netty.util.internal.ThreadExecutorMap$1
 944:             1             24  io.netty.util.internal.ThreadExecutorMap$2
 945:             1             24  io.netty.util.internal.ThreadExecutorMap$3
 946:             1             24  java.lang.ClassValue$Version
 947:             1             24  java.lang.Double
 948:             1             24  java.lang.invoke.MethodHandleImpl$4
 949:             1             24  java.lang.invoke.MethodType$ConcurrentWeakInternSet
 950:             1             24  java.net.Inet6AddressImpl
 951:             1             24  java.nio.file.LinkOption
 952:             1             24  java.security.AllPermissionCollection
 953:             1             24  java.util.BitSet
 954:             1             24  java.util.Collections$3
 955:             1             24  java.util.Collections$EmptyMap
 956:             1             24  java.util.Collections$SynchronizedRandomAccessList
 957:             1             24  java.util.Collections$UnmodifiableList
 958:             1             24  java.util.Date
 959:             1             24  java.util.Locale$Cache
 960:             1             24  java.util.ResourceBundle$Control$CandidateListCache
 961:             1             24  java.util.concurrent.Executors$RunnableAdapter
 962:             1             24  java.util.concurrent.TimeUnit$1
 963:             1             24  java.util.concurrent.TimeUnit$2
 964:             1             24  java.util.concurrent.TimeUnit$3
 965:             1             24  java.util.concurrent.TimeUnit$4
 966:             1             24  java.util.concurrent.TimeUnit$5
 967:             1             24  java.util.concurrent.TimeUnit$6
 968:             1             24  java.util.concurrent.TimeUnit$7
 969:             1             24  java.util.concurrent.atomic.AtomicIntegerFieldUpdater$AtomicIntegerFieldUpdaterImpl$1
 970:             1             24  java.util.logging.LogManager$2
 971:             1             24  java.util.logging.LogManager$LoggerContext
 972:             1             24  java.util.logging.LoggingPermission
 973:             1             24  java.util.regex.Pattern$Dollar
 974:             1             24  java.util.regex.Pattern$Pos
 975:             1             24  java.util.regex.Pattern$Ques
 976:             1             24  kotlin.collections.ArrayAsCollection
 977:             1             24  org.apache.log4j.helpers.ISO8601DateFormat
 978:             1             24  org.jetbrains.jps.android.AndroidManifestMergingTarget$MyTargetType
 979:             1             24  org.jetbrains.jps.android.builder.AndroidAarDepsBuildTarget$MyTargetType
 980:             1             24  org.jetbrains.jps.android.builder.AndroidDexBuildTarget$MyTargetType
 981:             1             24  org.jetbrains.jps.android.builder.AndroidLibraryPackagingTarget$MyTargetType
 982:             1             24  org.jetbrains.jps.android.builder.AndroidPackagingBuildTarget$MyTargetType
 983:             1             24  org.jetbrains.jps.android.builder.AndroidPreDexBuildTarget$MyTargetType
 984:             1             24  org.jetbrains.jps.android.builder.AndroidResourceCachingBuildTarget$MyTargetType
 985:             1             24  org.jetbrains.jps.android.builder.AndroidResourcePackagingBuildTarget$MyTargetType
 986:             1             24  org.jetbrains.jps.android.model.JpsAndroidSdkType
 987:             1             24  org.jetbrains.jps.android.model.impl.JpsAndroidModelSerializerExtension$1
 988:             1             24  org.jetbrains.jps.android.model.impl.JpsAndroidModelSerializerExtension$2
 989:             1             24  org.jetbrains.jps.api.CmdlineRemoteProto$Message$Builder
 990:             1             24  org.jetbrains.jps.api.CmdlineRemoteProto$Message$BuilderMessage$Builder
 991:             1             24  org.jetbrains.jps.api.CmdlineRemoteProto$Message$UUID$Builder
 992:             1             24  org.jetbrains.jps.backwardRefs.JavaBackwardReferenceIndexBuilder
 993:             1             24  org.jetbrains.jps.builders.impl.BuildTargetRegistryImpl
 994:             1             24  org.jetbrains.jps.builders.java.dependencyView.ClassFileReprExternalizer
 995:             1             24  org.jetbrains.jps.builders.java.dependencyView.DependencyContext$1
 996:             1             24  org.jetbrains.jps.builders.java.dependencyView.IntObjectPersistentMultiMaplet
 997:             1             24  org.jetbrains.jps.builders.java.dependencyView.IntObjectPersistentMultiMaplet$CollectionDataExternalizer
 998:             1             24  org.jetbrains.jps.builders.java.dependencyView.ObjectObjectPersistentMultiMaplet$CollectionDataExternalizer
 999:             1             24  org.jetbrains.jps.cmdline.BuildMain$1
1000:             1             24  org.jetbrains.jps.devkit.model.JpsIdeaSdkType
1001:             1             24  org.jetbrains.jps.gradle.model.impl.JpsGradleExtensionServiceImpl
1002:             1             24  org.jetbrains.jps.gwt.build.GwtBuildTargetType
1003:             1             24  org.jetbrains.jps.incremental.artifacts.ArtifactBuildTargetType
1004:             1             24  org.jetbrains.jps.incremental.dependencies.ProjectDependenciesResolver$ProjectDependenciesResolvingTargetType
1005:             1             24  org.jetbrains.jps.incremental.fs.FilesDelta
1006:             1             24  org.jetbrains.jps.incremental.groovy.GreclipseBuilder$1
1007:             1             24  org.jetbrains.jps.incremental.groovy.GreclipseJpsCompilerSettings
1008:             1             24  org.jetbrains.jps.incremental.groovy.GreclipseSettings
1009:             1             24  org.jetbrains.jps.incremental.groovy.GroovyResourceRootDescriptor
1010:             1             24  org.jetbrains.jps.incremental.instrumentation.NotNullInstrumentingBuilder
1011:             1             24  org.jetbrains.jps.incremental.java.JavaBuilder
1012:             1             24  org.jetbrains.jps.incremental.relativizer.GradlePathRelativizer
1013:             1             24  org.jetbrains.jps.incremental.relativizer.MavenPathRelativizer
1014:             1             24  org.jetbrains.jps.incremental.relativizer.PathRelativizerService
1015:             1             24  org.jetbrains.jps.intellilang.instrumentation.PatternValidatorBuilder
1016:             1             24  org.jetbrains.jps.intellilang.model.impl.JpsIntelliLangConfigurationImpl
1017:             1             24  org.jetbrains.jps.javaee.build.jspValidation.JspValidationTarget$Type
1018:             1             24  org.jetbrains.jps.maven.model.impl.JpsMavenExtensionServiceImpl
1019:             1             24  org.jetbrains.jps.model.ex.JpsFactoryElementChildRoleBase
1020:             1             24  org.jetbrains.jps.model.impl.JpsElementFactoryImpl$1
1021:             1             24  org.jetbrains.jps.model.impl.JpsFileTypesConfigurationImpl
1022:             1             24  org.jetbrains.jps.model.impl.JpsSimpleElementImpl
1023:             1             24  org.jetbrains.jps.model.java.JavaSourceRootProperties
1024:             1             24  org.jetbrains.jps.model.java.JpsJavaSdkType
1025:             1             24  org.jetbrains.jps.model.java.impl.JpsJavaProjectExtensionImpl
1026:             1             24  org.jetbrains.jps.model.java.impl.compiler.JpsValidationConfigurationImpl
1027:             1             24  org.jetbrains.jps.model.module.impl.JpsDependenciesListImpl
1028:             1             24  org.jetbrains.jps.model.module.impl.JpsModuleSourceDependencyImpl
1029:             1             24  org.jetbrains.jps.model.module.impl.JpsSdkDependencyImpl
1030:             1             24  org.jetbrains.jps.model.module.impl.JpsSdkReferenceRole
1031:             1             24  org.jetbrains.jps.model.serialization.JpsGlobalLoader$FileTypesSerializer
1032:             1             24  org.jetbrains.jps.model.serialization.JpsGlobalLoader$GlobalLibrariesSerializer
1033:             1             24  org.jetbrains.jps.model.serialization.JpsGlobalLoader$SdkTableSerializer
1034:             1             24  org.jetbrains.jps.model.serialization.impl.JpsModuleSerializationDataExtensionImpl
1035:             1             24  org.jetbrains.jps.model.serialization.impl.JpsPathVariablesConfigurationImpl
1036:             1             24  org.jetbrains.jps.model.serialization.impl.JpsProjectSerializationDataExtensionImpl
1037:             1             24  org.jetbrains.jps.model.serialization.jarRepository.JpsRemoteRepositoriesConfigurationSerializer
1038:             1             24  org.jetbrains.jps.model.serialization.java.JpsJavaModelSerializerExtension$JavaSourceRootPropertiesSerializer
1039:             1             24  org.jetbrains.jps.model.serialization.library.JpsSdkTableSerializer$1
1040:             1             24  org.jetbrains.jps.model.serialization.runConfigurations.JpsUnknownRunConfigurationType
1041:             1             24  org.jetbrains.jps.service.impl.JpsServiceManagerImpl
1042:             1             24  org.jetbrains.jps.uiDesigner.compiler.FormsBindingManager
1043:             1             24  org.jetbrains.jps.uiDesigner.compiler.FormsInstrumenter
1044:             1             24  org.jetbrains.jps.uiDesigner.model.impl.JpsUiDesignerConfigurationImpl
1045:             1             24  org.jetbrains.jps.webSphere.LooseAppBuildTargetType
1046:             1             24  org.jetbrains.kotlin.jps.build.KotlinBuilder
1047:             1             24  org.jetbrains.kotlin.jps.build.TeamcityStatisticsLogger
1048:             1             24  org.jetbrains.kotlin.jps.model.Kotlin2JsCompilerArgumentsSerializer$1
1049:             1             24  org.jetbrains.kotlin.jps.model.Kotlin2JvmCompilerArgumentsSerializer$1
1050:             1             24  org.jetbrains.kotlin.jps.model.KotlinCommonCompilerArgumentsSerializer$1
1051:             1             24  org.jetbrains.kotlin.jps.model.KotlinCompilerSettingsSerializer$1
1052:             1             24  org.jetbrains.osgi.jps.build.OsmorcBuildTargetType
1053:             1             24  org.jetbrains.osgi.jps.model.impl.JpsOsmorcProjectExtensionImpl
1054:             1             24  org.jetbrains.osgi.jps.model.impl.OsmorcProjectExtensionProperties
1055:             1             24  org.slf4j.helpers.SubstituteLoggerFactory
1056:             1             24  sun.launcher.LauncherHelper
1057:             1             24  sun.nio.ch.PipeImpl
1058:             1             24  sun.nio.ch.WindowsSelectorImpl$FinishLock
1059:             1             24  sun.nio.ch.WindowsSelectorImpl$StartLock
1060:             1             24  sun.nio.cs.ISO_8859_1
1061:             1             24  sun.nio.cs.MS1251
1062:             1             24  sun.nio.cs.ThreadLocalCoders$1
1063:             1             24  sun.nio.cs.ThreadLocalCoders$2
1064:             1             24  sun.nio.cs.US_ASCII
1065:             1             24  sun.nio.cs.UTF_16
1066:             1             24  sun.nio.cs.UTF_16BE
1067:             1             24  sun.nio.cs.UTF_16LE
1068:             1             24  sun.nio.cs.UTF_32BE
1069:             1             24  sun.nio.cs.UTF_32LE
1070:             1             24  sun.nio.cs.UTF_8
1071:             1             24  sun.nio.cs.ext.GBK
1072:             1             24  sun.nio.fs.WindowsSecurityDescriptor
1073:             1             24  sun.reflect.generics.scope.MethodScope
1074:             1             24  sun.reflect.generics.tree.Wildcard
1075:             1             24  sun.security.util.DisabledAlgorithmConstraints
1076:             1             24  sun.util.locale.BaseLocale$Cache
1077:             1             24  sun.util.locale.provider.CalendarDataProviderImpl
1078:             1             24  sun.util.locale.provider.CalendarProviderImpl
1079:             1             16  [Lcom.intellij.openapi.util.Key;
1080:             1             16  [Lcom.intellij.openapi.util.TextRange;
1081:             1             16  [Lio.netty.util.AsciiString;
1082:             1             16  [Ljava.beans.EventSetDescriptor;
1083:             1             16  [Ljava.lang.Throwable;
1084:             1             16  [Ljava.security.CodeSigner;
1085:             1             16  [Ljava.security.Provider;
1086:             1             16  [Ljava.security.cert.X509Certificate;
1087:             1             16  [Ljava.util.Collection;
1088:             1             16  [Ljava.util.logging.Handler;
1089:             1             16  [Ljavax.security.cert.X509Certificate;
1090:             1             16  [Lsun.reflect.generics.tree.TypeSignature;
1091:             1             16  com.google.protobuf.UnsafeUtil$1
1092:             1             16  com.google.protobuf.UnsafeUtil$JvmMemoryAccessor
1093:             1             16  com.intellij.flex.model.JpsFlexModelSerializerExtension
1094:             1             16  com.intellij.flex.model.module.JpsFlexModuleType
1095:             1             16  com.intellij.flex.model.run.JpsFlashRunConfigurationType
1096:             1             16  com.intellij.flex.model.run.JpsFlexUnitRunConfigurationType
1097:             1             16  com.intellij.jps.flex.build.FlexBuilderService
1098:             1             16  com.intellij.jps.flex.build.FlexExcludedJavaSourceRootProvider
1099:             1             16  com.intellij.jps.flex.build.FlexResourceBuilder
1100:             1             16  com.intellij.lang.aspectj.build.AjBuilderService
1101:             1             16  com.intellij.lang.aspectj.build.AjModelSerializerExtension
1102:             1             16  com.intellij.openapi.diagnostic.DefaultLogger
1103:             1             16  com.intellij.openapi.diagnostic.Logger$$Lambda$4/1190654826
1104:             1             16  com.intellij.openapi.fileTypes.WildcardFileNameMatcher$SuffixMatcher
1105:             1             16  com.intellij.openapi.util.EmptyRunnable
1106:             1             16  com.intellij.openapi.util.JDOMUtil$$Lambda$9/1540011289
1107:             1             16  com.intellij.openapi.util.JDOMUtil$EmptyTextFilter
1108:             1             16  com.intellij.openapi.util.SafeJdomFactory$BaseSafeJdomFactory
1109:             1             16  com.intellij.openapi.util.ThreadLocalCachedByteArray
1110:             1             16  com.intellij.openapi.util.io.FileSystemUtil$IdeaWin32MediatorImpl
1111:             1             16  com.intellij.openapi.util.io.FileUtil$1
1112:             1             16  com.intellij.openapi.util.io.FileUtil$2
1113:             1             16  com.intellij.openapi.util.io.FileUtilRt$1
1114:             1             16  com.intellij.openapi.util.io.FileUtilRt$2
1115:             1             16  com.intellij.openapi.util.io.FileUtilRt$3
1116:             1             16  com.intellij.openapi.util.io.NullAppendable
1117:             1             16  com.intellij.openapi.util.io.win32.IdeaWin32
1118:             1             16  com.intellij.openapi.util.text.StringUtil$$Lambda$1/777874839
1119:             1             16  com.intellij.openapi.util.text.StringUtil$$Lambda$2/930990596
1120:             1             16  com.intellij.openapi.util.text.StringUtil$$Lambda$3/565760380
1121:             1             16  com.intellij.util.ArrayUtil$$Lambda$11/2054574951
1122:             1             16  com.intellij.util.ArrayUtil$$Lambda$12/1991294891
1123:             1             16  com.intellij.util.ConcurrencyUtil$$Lambda$6/1807837413
1124:             1             16  com.intellij.util.SmartList$$Lambda$10/1605283233
1125:             1             16  com.intellij.util.concurrency.BoundedTaskExecutor$$Lambda$15/1151593579
1126:             1             16  com.intellij.util.containers.ContainerUtilRt$EmptyList
1127:             1             16  com.intellij.util.containers.EmptyIterator
1128:             1             16  com.intellij.util.containers.UnsafeWeakList$$Lambda$42/665726928
1129:             1             16  com.intellij.util.containers.UnsafeWeakList$$Lambda$43/790067787
1130:             1             16  com.intellij.util.containers.hash.EqualityPolicy$1
1131:             1             16  com.intellij.util.containers.hash.EqualityPolicy$2
1132:             1             16  com.intellij.util.io.EnumeratorIntegerDescriptor
1133:             1             16  com.intellij.util.io.EnumeratorStringDescriptor$EnumeratorStringDescriptorImpl
1134:             1             16  com.intellij.util.io.IOUtil$1
1135:             1             16  com.intellij.util.io.Page$$Lambda$40/112302969
1136:             1             16  com.intellij.util.io.PersistentHashMap$5
1137:             1             16  com.intellij.util.io.PersistentHashMapValueStorage$CreationTimeOptions$1
1138:             1             16  com.intellij.util.io.PersistentStringEnumerator$1
1139:             1             16  com.intellij.util.keyFMap.EmptyFMap
1140:             1             16  com.intellij.util.text.CaseInsensitiveStringHashingStrategy
1141:             1             16  com.sun.org.apache.xerces.internal.impl.XMLDocumentScannerImpl$PrologDriver
1142:             1             16  com.sun.org.apache.xerces.internal.impl.XMLDocumentScannerImpl$TrailingMiscDriver
1143:             1             16  com.sun.org.apache.xerces.internal.impl.XMLDocumentScannerImpl$XMLDeclDriver
1144:             1             16  com.sun.org.apache.xerces.internal.util.NamespaceContextWrapper
1145:             1             16  com.sun.org.apache.xerces.internal.utils.SecuritySupport
1146:             1             16  com.sun.proxy.$Proxy4
1147:             1             16  com.sun.proxy.$Proxy5
1148:             1             16  com.sun.proxy.$Proxy6
1149:             1             16  gnu.trove.TObjectCanonicalHashingStrategy
1150:             1             16  gnu.trove.TObjectHash$NULL
1151:             1             16  gnu.trove.TObjectIdentityHashingStrategy
1152:             1             16  io.netty.bootstrap.BootstrapConfig
1153:             1             16  io.netty.buffer.AbstractReferenceCountedByteBuf$1
1154:             1             16  io.netty.buffer.ByteBufUtil$1
1155:             1             16  io.netty.buffer.ByteBufUtil$2
1156:             1             16  io.netty.buffer.PoolThreadCache$MemoryRegionCache$1
1157:             1             16  io.netty.buffer.PooledByteBufAllocator$1
1158:             1             16  io.netty.buffer.PooledByteBufAllocatorMetric
1159:             1             16  io.netty.buffer.PooledDirectByteBuf$1
1160:             1             16  io.netty.channel.AbstractChannelHandlerContext$WriteTask$1
1161:             1             16  io.netty.channel.ChannelFutureListener$1
1162:             1             16  io.netty.channel.ChannelFutureListener$2
1163:             1             16  io.netty.channel.ChannelFutureListener$3
1164:             1             16  io.netty.channel.ChannelHandlerMask$1
1165:             1             16  io.netty.channel.ChannelOutboundBuffer$1
1166:             1             16  io.netty.channel.ChannelOutboundBuffer$Entry$1
1167:             1             16  io.netty.channel.DefaultChannelPipeline$1
1168:             1             16  io.netty.channel.DefaultMessageSizeEstimator
1169:             1             16  io.netty.channel.DefaultMessageSizeEstimator$HandleImpl
1170:             1             16  io.netty.channel.DefaultSelectStrategy
1171:             1             16  io.netty.channel.DefaultSelectStrategyFactory
1172:             1             16  io.netty.channel.ReflectiveChannelFactory
1173:             1             16  io.netty.channel.VoidChannelPromise$1
1174:             1             16  io.netty.channel.nio.AbstractNioByteChannel$1
1175:             1             16  io.netty.channel.nio.AbstractNioChannel$1
1176:             1             16  io.netty.channel.nio.NioEventLoop$1
1177:             1             16  io.netty.handler.codec.ByteToMessageDecoder$1
1178:             1             16  io.netty.handler.codec.ByteToMessageDecoder$2
1179:             1             16  io.netty.handler.codec.CodecOutputList$1
1180:             1             16  io.netty.handler.codec.CodecOutputList$2
1181:             1             16  io.netty.util.NettyRuntime$AvailableProcessorsHolder
1182:             1             16  io.netty.util.Recycler$1
1183:             1             16  io.netty.util.Recycler$3
1184:             1             16  io.netty.util.concurrent.AbstractScheduledEventExecutor$1
1185:             1             16  io.netty.util.concurrent.AbstractScheduledEventExecutor$2
1186:             1             16  io.netty.util.concurrent.DefaultEventExecutorChooserFactory
1187:             1             16  io.netty.util.concurrent.DefaultPromise$CauseHolder
1188:             1             16  io.netty.util.concurrent.FastThreadLocal
1189:             1             16  io.netty.util.concurrent.GlobalEventExecutor$1
1190:             1             16  io.netty.util.concurrent.GlobalEventExecutor$TaskRunner
1191:             1             16  io.netty.util.concurrent.MultithreadEventExecutorGroup$1
1192:             1             16  io.netty.util.concurrent.RejectedExecutionHandlers$1
1193:             1             16  io.netty.util.concurrent.SingleThreadEventExecutor$1
1194:             1             16  io.netty.util.concurrent.SingleThreadEventExecutor$4
1195:             1             16  io.netty.util.concurrent.ThreadPerTaskExecutor
1196:             1             16  io.netty.util.internal.CleanerJava6
1197:             1             16  io.netty.util.internal.PlatformDependent$1
1198:             1             16  io.netty.util.internal.PlatformDependent$2
1199:             1             16  io.netty.util.internal.TypeParameterMatcher$1
1200:             1             16  io.netty.util.internal.logging.Log4J2LoggerFactory
1201:             1             16  io.netty.util.internal.logging.Log4JLoggerFactory
1202:             1             16  io.netty.util.internal.logging.Slf4JLoggerFactory
1203:             1             16  java.io.FileDescriptor$1
1204:             1             16  java.lang.ApplicationShutdownHooks$1
1205:             1             16  java.lang.CharacterData00
1206:             1             16  java.lang.CharacterDataLatin1
1207:             1             16  java.lang.ClassValue$Identity
1208:             1             16  java.lang.Float
1209:             1             16  java.lang.InheritableThreadLocal
1210:             1             16  java.lang.ProcessEnvironment$EntryComparator
1211:             1             16  java.lang.ProcessEnvironment$NameComparator
1212:             1             16  java.lang.Runtime
1213:             1             16  java.lang.String$CaseInsensitiveComparator
1214:             1             16  java.lang.System$2
1215:             1             16  java.lang.Terminator$1
1216:             1             16  java.lang.invoke.MemberName$Factory
1217:             1             16  java.lang.invoke.MethodHandleImpl$2
1218:             1             16  java.lang.invoke.MethodHandleImpl$3
1219:             1             16  java.lang.ref.Reference$1
1220:             1             16  java.lang.ref.Reference$Lock
1221:             1             16  java.lang.reflect.Proxy$KeyFactory
1222:             1             16  java.lang.reflect.Proxy$ProxyClassFactory
1223:             1             16  java.lang.reflect.ReflectAccess
1224:             1             16  java.net.InetAddress$2
1225:             1             16  java.net.URLClassLoader$7
1226:             1             16  java.nio.Bits$1
1227:             1             16  java.nio.channels.spi.AbstractSelector$1
1228:             1             16  java.nio.charset.CoderResult$1
1229:             1             16  java.nio.charset.CoderResult$2
1230:             1             16  java.nio.file.Files$AcceptAllFilter
1231:             1             16  java.security.AllPermission
1232:             1             16  java.security.ProtectionDomain$2
1233:             1             16  java.security.ProtectionDomain$JavaSecurityAccessImpl
1234:             1             16  java.text.DontCareFieldPosition$1
1235:             1             16  java.util.Collections$EmptyEnumeration
1236:             1             16  java.util.Collections$EmptyIterator
1237:             1             16  java.util.Collections$EmptyList
1238:             1             16  java.util.Collections$EmptyListIterator
1239:             1             16  java.util.Collections$EmptySet
1240:             1             16  java.util.Collections$UnmodifiableMap$UnmodifiableEntrySet
1241:             1             16  java.util.EnumMap$1
1242:             1             16  java.util.Hashtable$EntrySet
1243:             1             16  java.util.ResourceBundle$Control
1244:             1             16  java.util.Spliterators$EmptySpliterator$OfDouble
1245:             1             16  java.util.Spliterators$EmptySpliterator$OfInt
1246:             1             16  java.util.Spliterators$EmptySpliterator$OfLong
1247:             1             16  java.util.Spliterators$EmptySpliterator$OfRef
1248:             1             16  java.util.WeakHashMap$KeySet
1249:             1             16  java.util.concurrent.ConcurrentHashMap$EntrySetView
1250:             1             16  java.util.concurrent.CountDownLatch
1251:             1             16  java.util.concurrent.SynchronousQueue$TransferStack
1252:             1             16  java.util.concurrent.ThreadPoolExecutor$AbortPolicy
1253:             1             16  java.util.function.Function$$Lambda$51/1192171522
1254:             1             16  java.util.jar.JarVerifier$3
1255:             1             16  java.util.jar.JavaUtilJarAccessImpl
1256:             1             16  java.util.logging.LogManager$1
1257:             1             16  java.util.logging.LogManager$3
1258:             1             16  java.util.logging.LoggingProxyImpl
1259:             1             16  java.util.regex.Pattern$4
1260:             1             16  java.util.regex.Pattern$Dot
1261:             1             16  java.util.regex.Pattern$LastNode
1262:             1             16  java.util.regex.Pattern$Node
1263:             1             16  java.util.stream.Collectors$$Lambda$30/351028485
1264:             1             16  java.util.stream.Collectors$$Lambda$31/1054932644
1265:             1             16  java.util.stream.Collectors$$Lambda$32/444920847
1266:             1             16  java.util.stream.Collectors$$Lambda$33/589835301
1267:             1             16  java.util.stream.Collectors$$Lambda$37/2024918163
1268:             1             16  java.util.stream.Collectors$$Lambda$52/1661081225
1269:             1             16  java.util.stream.Collectors$$Lambda$53/1882554559
1270:             1             16  java.util.stream.FindOps$$Lambda$46/2081191879
1271:             1             16  java.util.stream.FindOps$$Lambda$47/1128096251
1272:             1             16  java.util.zip.ZipFile$1
1273:             1             16  javax.xml.stream.SecuritySupport
1274:             1             16  kotlin.collections.EmptyIterator
1275:             1             16  kotlin.collections.EmptyList
1276:             1             16  kotlin.jvm.internal.CallableReference$NoReceiver
1277:             1             16  org.apache.log4j.DefaultCategoryFactory
1278:             1             16  org.apache.log4j.helpers.AppenderAttachableImpl
1279:             1             16  org.apache.log4j.or.DefaultRenderer
1280:             1             16  org.apache.log4j.or.RendererMap
1281:             1             16  org.apache.log4j.spi.DefaultRepositorySelector
1282:             1             16  org.jdom.AttributeList$1
1283:             1             16  org.jetbrains.jps.android.AndroidAdditionalRootProviderService
1284:             1             16  org.jetbrains.jps.android.AndroidBuilderService
1285:             1             16  org.jetbrains.jps.android.AndroidDexBuilder
1286:             1             16  org.jetbrains.jps.android.AndroidExcludedJavaSourceRootProvider
1287:             1             16  org.jetbrains.jps.android.AndroidLibraryPackagingBuilder
1288:             1             16  org.jetbrains.jps.android.AndroidManifestMergingBuilder
1289:             1             16  org.jetbrains.jps.android.AndroidPackagingBuilder
1290:             1             16  org.jetbrains.jps.android.AndroidPreDexBuilder
1291:             1             16  org.jetbrains.jps.android.AndroidResourceCachingBuilder
1292:             1             16  org.jetbrains.jps.android.AndroidResourcePackagingBuilder
1293:             1             16  org.jetbrains.jps.android.AndroidSourceGeneratingBuilder
1294:             1             16  org.jetbrains.jps.android.builder.AndroidAarDepsBuilder
1295:             1             16  org.jetbrains.jps.android.model.impl.JpsAndroidModelSerializerExtension
1296:             1             16  org.jetbrains.jps.ant.model.impl.JpsAntModelSerializerExtension
1297:             1             16  org.jetbrains.jps.api.CmdlineRemoteProto$Message$BuilderMessage$Type$1
1298:             1             16  org.jetbrains.jps.api.CmdlineRemoteProto$Message$Type$1
1299:             1             16  org.jetbrains.jps.builders.impl.BuildDataPathsImpl
1300:             1             16  org.jetbrains.jps.builders.impl.logging.ProjectBuilderLoggerImpl
1301:             1             16  org.jetbrains.jps.builders.java.JavaBuilderExtensionImpl
1302:             1             16  org.jetbrains.jps.builders.java.dependencyView.ClassRepr$2
1303:             1             16  org.jetbrains.jps.builders.java.dependencyView.Mappings$$Lambda$44/1264213713
1304:             1             16  org.jetbrains.jps.builders.java.dependencyView.Mappings$1
1305:             1             16  org.jetbrains.jps.builders.java.dependencyView.ModuleRepr$2
1306:             1             16  org.jetbrains.jps.builders.logging.BuildLoggingManager
1307:             1             16  org.jetbrains.jps.cmdline.BuildMain$$Lambda$55/1961173763
1308:             1             16  org.jetbrains.jps.cmdline.BuildMain$2
1309:             1             16  org.jetbrains.jps.cmdline.LogSetup$MyLoggerFactory
1310:             1             16  org.jetbrains.jps.devkit.builder.JpsPluginSyntheticArtifactProvider
1311:             1             16  org.jetbrains.jps.devkit.builder.PluginJavaBuilderExtension
1312:             1             16  org.jetbrains.jps.devkit.model.JpsPluginModuleType
1313:             1             16  org.jetbrains.jps.devkit.model.impl.JpsDevKitModelSerializerExtension
1314:             1             16  org.jetbrains.jps.dmserver.model.impl.JpsDMModelSerializerExtension
1315:             1             16  org.jetbrains.jps.eclipse.model.JpsEclipseClasspathSerializer
1316:             1             16  org.jetbrains.jps.eclipse.model.JpsEclipseModelSerializerExtension
1317:             1             16  org.jetbrains.jps.gradle.compiler.GradleBuilderService
1318:             1             16  org.jetbrains.jps.gradle.compiler.GradleResourcesBuilder
1319:             1             16  org.jetbrains.jps.gradle.model.impl.JpsGradleDependenciesEnumerationHandler$GradleFactory
1320:             1             16  org.jetbrains.jps.gradle.model.impl.JpsGradleExtensionServiceImpl$$Lambda$24/1381713434
1321:             1             16  org.jetbrains.jps.gradle.model.impl.JpsGradleExtensionServiceImpl$1
1322:             1             16  org.jetbrains.jps.gradle.model.impl.JpsGradleModelSerializationExtension
1323:             1             16  org.jetbrains.jps.gwt.build.GwtBuilder
1324:             1             16  org.jetbrains.jps.gwt.build.GwtBuilderService
1325:             1             16  org.jetbrains.jps.gwt.model.impl.JpsGwtExtensionServiceImpl
1326:             1             16  org.jetbrains.jps.gwt.model.impl.JpsGwtModelSerializerExtension
1327:             1             16  org.jetbrains.jps.incremental.BuilderRegistry$$Lambda$54/854587510
1328:             1             16  org.jetbrains.jps.incremental.CleanupTempDirectoryExtension
1329:             1             16  org.jetbrains.jps.incremental.FSCache$1
1330:             1             16  org.jetbrains.jps.incremental.JavaBuilderService
1331:             1             16  org.jetbrains.jps.incremental.TargetTypeRegistry
1332:             1             16  org.jetbrains.jps.incremental.artifacts.ArtifactBuilderService
1333:             1             16  org.jetbrains.jps.incremental.artifacts.IncArtifactBuilder
1334:             1             16  org.jetbrains.jps.incremental.artifacts.impl.JpsBuilderArtifactServiceImpl
1335:             1             16  org.jetbrains.jps.incremental.dependencies.DependencyResolvingBuilder
1336:             1             16  org.jetbrains.jps.incremental.dependencies.ProjectDependenciesResolver
1337:             1             16  org.jetbrains.jps.incremental.dependencies.ProjectDependenciesResolver$ProjectDependenciesResolvingTarget
1338:             1             16  org.jetbrains.jps.incremental.dependencies.ProjectDependenciesResolver$ProjectDependenciesResolvingTargetType$1
1339:             1             16  org.jetbrains.jps.incremental.groovy.GroovyBuilder$RecompileStubSources
1340:             1             16  org.jetbrains.jps.incremental.groovy.GroovyBuilderService
1341:             1             16  org.jetbrains.jps.incremental.groovy.GroovyJavaBuilderExtension
1342:             1             16  org.jetbrains.jps.incremental.groovy.GroovyModelSerializerExtension
1343:             1             16  org.jetbrains.jps.incremental.groovy.GroovyResourceChecker
1344:             1             16  org.jetbrains.jps.incremental.instrumentation.RmiStubsGenerator
1345:             1             16  org.jetbrains.jps.incremental.java.AnnotationsExcludedJavaSourceRootProvider
1346:             1             16  org.jetbrains.jps.incremental.relativizer.JavaSdkPathRelativizer
1347:             1             16  org.jetbrains.jps.incremental.relativizer.JavaSdkPathRelativizer$$Lambda$34/64133603
1348:             1             16  org.jetbrains.jps.incremental.relativizer.JavaSdkPathRelativizer$$Lambda$35/1436901839
1349:             1             16  org.jetbrains.jps.incremental.relativizer.JavaSdkPathRelativizer$$Lambda$36/999522307
1350:             1             16  org.jetbrains.jps.incremental.relativizer.PathRelativizerService$$Lambda$28/1353170030
1351:             1             16  org.jetbrains.jps.incremental.relativizer.PathRelativizerService$$Lambda$29/370869802
1352:             1             16  org.jetbrains.jps.incremental.resources.ResourcesBuilder
1353:             1             16  org.jetbrains.jps.incremental.storage.BuildDataManager$1
1354:             1             16  org.jetbrains.jps.incremental.storage.BuildDataManager$2
1355:             1             16  org.jetbrains.jps.incremental.storage.FileKeyDescriptor
1356:             1             16  org.jetbrains.jps.incremental.storage.FileTimestampStorage$StateExternalizer
1357:             1             16  org.jetbrains.jps.incremental.storage.OneToManyPathsMapping$PathCollectionExternalizer
1358:             1             16  org.jetbrains.jps.incremental.storage.OutputToTargetRegistry$1
1359:             1             16  org.jetbrains.jps.incremental.storage.PathStringDescriptor
1360:             1             16  org.jetbrains.jps.incremental.storage.ProjectTimestamps
1361:             1             16  org.jetbrains.jps.indices.impl.IgnoredFileIndexImpl
1362:             1             16  org.jetbrains.jps.intellilang.instrumentation.PatternValidatorBuilderService
1363:             1             16  org.jetbrains.jps.intellilang.model.impl.JpsIntelliLangExtensionServiceImpl
1364:             1             16  org.jetbrains.jps.intellilang.model.impl.JpsIntelliLangModelSerializerExtension
1365:             1             16  org.jetbrains.jps.javaee.build.jspValidation.JasperValidator
1366:             1             16  org.jetbrains.jps.javaee.build.jspValidation.JspValidationBuilderService
1367:             1             16  org.jetbrains.jps.javaee.model.impl.JpsJavaeeModelSerializerExtension
1368:             1             16  org.jetbrains.jps.jpa.model.impl.JpsJpaModelSerializerExtension
1369:             1             16  org.jetbrains.jps.maven.compiler.MavenBuilderService
1370:             1             16  org.jetbrains.jps.maven.compiler.MavenResourcesBuilder
1371:             1             16  org.jetbrains.jps.maven.model.impl.JpsMavenDependenciesEnumerationHandler$MavenFactory
1372:             1             16  org.jetbrains.jps.maven.model.impl.JpsMavenExtensionServiceImpl$$Lambda$23/1684792003
1373:             1             16  org.jetbrains.jps.maven.model.impl.JpsMavenExtensionServiceImpl$1
1374:             1             16  org.jetbrains.jps.maven.model.impl.JpsMavenModelSerializationExtension
1375:             1             16  org.jetbrains.jps.maven.model.impl.JpsMavenModelSerializationExtension$$Lambda$18/1646800829
1376:             1             16  org.jetbrains.jps.maven.model.impl.MavenAnnotationProcessorTargetType$$Lambda$50/1043208434
1377:             1             16  org.jetbrains.jps.model.artifact.impl.JpsArtifactRole
1378:             1             16  org.jetbrains.jps.model.artifact.impl.JpsArtifactServiceImpl
1379:             1             16  org.jetbrains.jps.model.fileTypes.impl.FileNameMatcherFactoryImpl
1380:             1             16  org.jetbrains.jps.model.impl.JpsElementFactoryImpl
1381:             1             16  org.jetbrains.jps.model.impl.JpsEncodingConfigurationServiceImpl
1382:             1             16  org.jetbrains.jps.model.impl.JpsExElementFactoryImpl
1383:             1             16  org.jetbrains.jps.model.impl.JpsGlobalElementReference
1384:             1             16  org.jetbrains.jps.model.java.JpsAnnotationRootType
1385:             1             16  org.jetbrains.jps.model.java.JpsJavaModuleType
1386:             1             16  org.jetbrains.jps.model.java.impl.JavaModuleExtensionRole
1387:             1             16  org.jetbrains.jps.model.java.impl.JavaProjectExtensionRole
1388:             1             16  org.jetbrains.jps.model.java.impl.JpsJavaDependencyExtensionRole
1389:             1             16  org.jetbrains.jps.model.java.impl.JpsJavaExtensionServiceImpl
1390:             1             16  org.jetbrains.jps.model.java.impl.compiler.JpsJavaCompilerConfigurationImpl$$Lambda$13/249155636
1391:             1             16  org.jetbrains.jps.model.library.JpsOrderRootType$1
1392:             1             16  org.jetbrains.jps.model.library.JpsOrderRootType$2
1393:             1             16  org.jetbrains.jps.model.library.JpsOrderRootType$3
1394:             1             16  org.jetbrains.jps.model.library.impl.JpsLibraryRole
1395:             1             16  org.jetbrains.jps.model.module.impl.JpsModuleRole
1396:             1             16  org.jetbrains.jps.model.module.impl.JpsModuleSourceRootRole
1397:             1             16  org.jetbrains.jps.model.module.impl.JpsSdkReferencesTableImpl$JpsSdkReferencesTableRole
1398:             1             16  org.jetbrains.jps.model.serialization.JpsEncodingModelSerializerExtension
1399:             1             16  org.jetbrains.jps.model.serialization.JpsProjectLoader$$Lambda$20/275310919
1400:             1             16  org.jetbrains.jps.model.serialization.impl.JpsSerializationManagerImpl
1401:             1             16  org.jetbrains.jps.model.serialization.jarRepository.JpsRemoteRepositoriesModelSerializerExtension
1402:             1             16  org.jetbrains.jps.model.serialization.java.JpsJavaModelSerializerExtension
1403:             1             16  org.jetbrains.jps.service.impl.JpsServiceManagerImpl$SingleClassLoaderPluginManager
1404:             1             16  org.jetbrains.jps.service.impl.SharedThreadPoolImpl
1405:             1             16  org.jetbrains.jps.uiDesigner.compiler.FormsBuilderService
1406:             1             16  org.jetbrains.jps.uiDesigner.model.impl.JpsUiDesignerConfigurationImpl$UiDesignerConfigurationState
1407:             1             16  org.jetbrains.jps.uiDesigner.model.impl.JpsUiDesignerExtensionServiceImpl
1408:             1             16  org.jetbrains.jps.uiDesigner.model.impl.JpsUiDesignerSerializerExtension
1409:             1             16  org.jetbrains.jps.webSphere.LooseAppBuilder
1410:             1             16  org.jetbrains.jps.webSphere.LooseBuilderService
1411:             1             16  org.jetbrains.kotlin.config.KotlinCommonJpsModelSerializerExtension
1412:             1             16  org.jetbrains.kotlin.config.ResourceKotlinRootType
1413:             1             16  org.jetbrains.kotlin.config.SourceKotlinRootType
1414:             1             16  org.jetbrains.kotlin.config.TestResourceKotlinRootType
1415:             1             16  org.jetbrains.kotlin.config.TestSourceKotlinRootType
1416:             1             16  org.jetbrains.kotlin.jps.build.KotlinBuilder$Companion
1417:             1             16  org.jetbrains.kotlin.jps.build.KotlinBuilderService
1418:             1             16  org.jetbrains.kotlin.jps.build.KotlinJavaBuilderExtension
1419:             1             16  org.jetbrains.kotlin.jps.build.KotlinResourcesRootProvider
1420:             1             16  org.jetbrains.kotlin.jps.build.KotlinSourceRootProvider
1421:             1             16  org.jetbrains.kotlin.jps.model.JpsKotlinFacetModuleExtension$Companion
1422:             1             16  org.jetbrains.kotlin.jps.model.KotlinModelSerializerService
1423:             1             16  org.jetbrains.osgi.jps.build.OsmorcBuilder
1424:             1             16  org.jetbrains.osgi.jps.build.OsmorcBuilderService
1425:             1             16  org.jetbrains.osgi.jps.model.impl.JpsOsmorcModelSerializerExtension
1426:             1             16  org.jetbrains.plugins.javaFX.JpsJavaFxModelSerializerExtension
1427:             1             16  org.jetbrains.plugins.javaFX.preloader.JpsJavaFxPreloaderModelSerializerExtension
1428:             1             16  org.slf4j.helpers.NOPLoggerFactory
1429:             1             16  sun.misc.ASCIICaseInsensitiveComparator
1430:             1             16  sun.misc.FloatingDecimal$1
1431:             1             16  sun.misc.Launcher
1432:             1             16  sun.misc.Launcher$Factory
1433:             1             16  sun.misc.Perf
1434:             1             16  sun.misc.Unsafe
1435:             1             16  sun.net.ExtendedOptionsImpl$$Lambda$7/787387795
1436:             1             16  sun.net.www.protocol.file.Handler
1437:             1             16  sun.net.www.protocol.jar.JarFileFactory
1438:             1             16  sun.nio.ch.ExtendedSocketOption$1
1439:             1             16  sun.nio.ch.Net$1
1440:             1             16  sun.nio.ch.Util$1
1441:             1             16  sun.nio.ch.WindowsSelectorProvider
1442:             1             16  sun.nio.fs.WindowsChannelFactory$1
1443:             1             16  sun.nio.fs.WindowsFileSystemProvider
1444:             1             16  sun.reflect.BootstrapConstructorAccessorImpl
1445:             1             16  sun.reflect.GeneratedConstructorAccessor1
1446:             1             16  sun.reflect.ReflectionFactory
1447:             1             16  sun.reflect.generics.tree.BottomSignature
1448:             1             16  sun.security.provider.NativeSeedGenerator
1449:             1             16  sun.security.util.AlgorithmDecomposer
1450:             1             16  sun.security.util.DisabledAlgorithmConstraints$Constraints
1451:             1             16  sun.util.calendar.Gregorian
1452:             1             16  sun.util.locale.provider.AuxLocaleProviderAdapter$NullProvider
1453:             1             16  sun.util.locale.provider.CalendarDataUtility$CalendarWeekParameterGetter
1454:             1             16  sun.util.locale.provider.SPILocaleProviderAdapter
1455:             1             16  sun.util.logging.LoggingSupport$1
1456:             1             16  sun.util.logging.PlatformLogger$1
1457:             1             16  sun.util.resources.LocaleData
1458:             1             16  sun.util.resources.LocaleData$LocaleDataResourceBundleControl
Total        166016       22600704
